C:\Users\MMASSAOUDI\AppData\Roaming\Python\Python313\site-packages\sklearn\linear_model\_logistic.py:406: ConvergenceWarning: lbfgs failed to converge after 200 iteration(s) (status=1):
STOP: TOTAL NO. OF ITERATIONS REACHED LIMIT

Increase the number of iterations to improve the convergence (max_iter=200).
You might also want to scale the data as shown in:
    https://scikit-learn.org/stable/modules/preprocessing.html
Please also refer to the documentation for alternative solver options:
    https://scikit-learn.org/stable/modules/linear_model.html#logistic-regression
  n_iter_i = _check_optimize_result(
[UNSW-NB15] seed=0: macro_f1=0.4935 weighted_f1=0.7989 n_classes=10
C:\Users\MMASSAOUDI\AppData\Roaming\Python\Python313\site-packages\sklearn\linear_model\_logistic.py:406: ConvergenceWarning: lbfgs failed to converge after 200 iteration(s) (status=1):
STOP: TOTAL NO. OF ITERATIONS REACHED LIMIT

Increase the number of iterations to improve the convergence (max_iter=200).
You might also want to scale the data as shown in:
    https://scikit-learn.org/stable/modules/preprocessing.html
Please also refer to the documentation for alternative solver options:
    https://scikit-learn.org/stable/modules/linear_model.html#logistic-regression
  n_iter_i = _check_optimize_result(
[UNSW-NB15] seed=1: macro_f1=0.4973 weighted_f1=0.8006 n_classes=10
C:\Users\MMASSAOUDI\AppData\Roaming\Python\Python313\site-packages\sklearn\linear_model\_logistic.py:406: ConvergenceWarning: lbfgs failed to converge after 200 iteration(s) (status=1):
STOP: TOTAL NO. OF ITERATIONS REACHED LIMIT

Increase the number of iterations to improve the convergence (max_iter=200).
You might also want to scale the data as shown in:
    https://scikit-learn.org/stable/modules/preprocessing.html
Please also refer to the documentation for alternative solver options:
    https://scikit-learn.org/stable/modules/linear_model.html#logistic-regression
  n_iter_i = _check_optimize_result(
[UNSW-NB15] seed=2: macro_f1=0.5140 weighted_f1=0.8016 n_classes=10
C:\Users\MMASSAOUDI\AppData\Roaming\Python\Python313\site-packages\sklearn\linear_model\_logistic.py:406: ConvergenceWarning: lbfgs failed to converge after 200 iteration(s) (status=1):
STOP: TOTAL NO. OF ITERATIONS REACHED LIMIT

Increase the number of iterations to improve the convergence (max_iter=200).
You might also want to scale the data as shown in:
    https://scikit-learn.org/stable/modules/preprocessing.html
Please also refer to the documentation for alternative solver options:
    https://scikit-learn.org/stable/modules/linear_model.html#logistic-regression
  n_iter_i = _check_optimize_result(
[ToN-IoT-Network] seed=0: macro_f1=0.9368 weighted_f1=0.9796 n_classes=10
C:\Users\MMASSAOUDI\AppData\Roaming\Python\Python313\site-packages\sklearn\linear_model\_logistic.py:406: ConvergenceWarning: lbfgs failed to converge after 200 iteration(s) (status=1):
STOP: TOTAL NO. OF ITERATIONS REACHED LIMIT

Increase the number of iterations to improve the convergence (max_iter=200).
You might also want to scale the data as shown in:
    https://scikit-learn.org/stable/modules/preprocessing.html
Please also refer to the documentation for alternative solver options:
    https://scikit-learn.org/stable/modules/linear_model.html#logistic-regression
  n_iter_i = _check_optimize_result(
[ToN-IoT-Network] seed=1: macro_f1=0.9412 weighted_f1=0.9835 n_classes=10
C:\Users\MMASSAOUDI\AppData\Roaming\Python\Python313\site-packages\sklearn\linear_model\_logistic.py:406: ConvergenceWarning: lbfgs failed to converge after 200 iteration(s) (status=1):
STOP: TOTAL NO. OF ITERATIONS REACHED LIMIT

Increase the number of iterations to improve the convergence (max_iter=200).
You might also want to scale the data as shown in:
    https://scikit-learn.org/stable/modules/preprocessing.html
Please also refer to the documentation for alternative solver options:
    https://scikit-learn.org/stable/modules/linear_model.html#logistic-regression
  n_iter_i = _check_optimize_result(
[ToN-IoT-Network] seed=2: macro_f1=0.9646 weighted_f1=0.9894 n_classes=10
C:\Users\MMASSAOUDI\AppData\Roaming\Python\Python313\site-packages\sklearn\linear_model\_logistic.py:406: ConvergenceWarning: lbfgs failed to converge after 200 iteration(s) (status=1):
STOP: TOTAL NO. OF ITERATIONS REACHED LIMIT

Increase the number of iterations to improve the convergence (max_iter=200).
You might also want to scale the data as shown in:
    https://scikit-learn.org/stable/modules/preprocessing.html
Please also refer to the documentation for alternative solver options:
    https://scikit-learn.org/stable/modules/linear_model.html#logistic-regression
  n_iter_i = _check_optimize_result(
[CICIoT2023] seed=0: macro_f1=0.4104 weighted_f1=0.9306 n_classes=34
C:\Users\MMASSAOUDI\AppData\Roaming\Python\Python313\site-packages\sklearn\linear_model\_logistic.py:406: ConvergenceWarning: lbfgs failed to converge after 200 iteration(s) (status=1):
STOP: TOTAL NO. OF ITERATIONS REACHED LIMIT

Increase the number of iterations to improve the convergence (max_iter=200).
You might also want to scale the data as shown in:
    https://scikit-learn.org/stable/modules/preprocessing.html
Please also refer to the documentation for alternative solver options:
    https://scikit-learn.org/stable/modules/linear_model.html#logistic-regression
  n_iter_i = _check_optimize_result(
[CICIoT2023] early_stopping=True failed (The least populated classes in y have only 1 member, which is too few. The minimum number of groups for any class cannot be less than 2. Classes with too few members are: [31.0]); falling back to early_stopping=False, max_iter=50
[CICIoT2023] seed=1: macro_f1=0.1043 weighted_f1=0.2389 n_classes=34
C:\Users\MMASSAOUDI\AppData\Roaming\Python\Python313\site-packages\sklearn\linear_model\_logistic.py:406: ConvergenceWarning: lbfgs failed to converge after 200 iteration(s) (status=1):
STOP: TOTAL NO. OF ITERATIONS REACHED LIMIT

Increase the number of iterations to improve the convergence (max_iter=200).
You might also want to scale the data as shown in:
    https://scikit-learn.org/stable/modules/preprocessing.html
Please also refer to the documentation for alternative solver options:
    https://scikit-learn.org/stable/modules/linear_model.html#logistic-regression
  n_iter_i = _check_optimize_result(
[CICIoT2023] seed=2: macro_f1=0.4174 weighted_f1=0.9209 n_classes=34
Saved -> C:\Users\MMASSAOUDI\Desktop\research work\Alienware\Innovative paper 2\results\csv\multiclass.csv
