=== reward-mode tuning UNSW-NB15 ===
C:\Users\MMASSAOUDI\AppData\Roaming\Python\Python313\site-packages\sklearn\linear_model\_logistic.py:406: ConvergenceWarning: lbfgs failed to converge after 200 iteration(s) (status=1):
STOP: TOTAL NO. OF ITERATIONS REACHED LIMIT

Increase the number of iterations to improve the convergence (max_iter=200).
You might also want to scale the data as shown in:
    https://scikit-learn.org/stable/modules/preprocessing.html
Please also refer to the documentation for alternative solver options:
    https://scikit-learn.org/stable/modules/linear_model.html#logistic-regression
  n_iter_i = _check_optimize_result(
C:\Users\MMASSAOUDI\AppData\Roaming\Python\Python313\site-packages\sklearn\utils\validation.py:2691: UserWarning: X does not have valid feature names, but LGBMClassifier was fitted with feature names
  warnings.warn(
C:\Users\MMASSAOUDI\AppData\Roaming\Python\Python313\site-packages\sklearn\utils\validation.py:2691: UserWarning: X does not have valid feature names, but LGBMClassifier was fitted with feature names
  warnings.warn(
C:\Users\MMASSAOUDI\AppData\Roaming\Python\Python313\site-packages\sklearn\utils\validation.py:2691: UserWarning: X does not have valid feature names, but LGBMClassifier was fitted with feature names
  warnings.warn(
C:\Users\MMASSAOUDI\AppData\Roaming\Python\Python313\site-packages\sklearn\utils\validation.py:2691: UserWarning: X does not have valid feature names, but LGBMClassifier was fitted with feature names
  warnings.warn(
    grid cfg={'c_isolate_benign': 1.2, 'r_isolate_malicious': 0.6, 'w_fp': 1.5} -> val macro_f1=0.8569 minority_recall=0.6635 gated_score=0.8569
    grid cfg={'c_isolate_benign': 3.0, 'r_isolate_malicious': 0.3, 'w_fp': 1.5} -> val macro_f1=0.9396 minority_recall=0.9425 gated_score=0.9396
    grid cfg={'c_isolate_benign': 6.0, 'r_isolate_malicious': 0.1, 'w_fp': 1.5} -> val macro_f1=0.8065 minority_recall=0.6816 gated_score=0.8065
    grid cfg={'c_isolate_benign': 6.0, 'r_isolate_malicious': 0.1, 'w_fp': 3.0} -> val macro_f1=0.9396 minority_recall=0.9425 gated_score=0.9396
  best validation-tuned reward config for UNSW-NB15: {'c_isolate_benign': 3.0, 'r_isolate_malicious': 0.3, 'w_fp': 1.5} (gated_score=0.9396)
  UNSW-NB15 seed=0 done
C:\Users\MMASSAOUDI\AppData\Roaming\Python\Python313\site-packages\sklearn\linear_model\_logistic.py:406: ConvergenceWarning: lbfgs failed to converge after 200 iteration(s) (status=1):
STOP: TOTAL NO. OF ITERATIONS REACHED LIMIT

Increase the number of iterations to improve the convergence (max_iter=200).
You might also want to scale the data as shown in:
    https://scikit-learn.org/stable/modules/preprocessing.html
Please also refer to the documentation for alternative solver options:
    https://scikit-learn.org/stable/modules/linear_model.html#logistic-regression
  n_iter_i = _check_optimize_result(
C:\Users\MMASSAOUDI\AppData\Roaming\Python\Python313\site-packages\sklearn\utils\validation.py:2691: UserWarning: X does not have valid feature names, but LGBMClassifier was fitted with feature names
  warnings.warn(
C:\Users\MMASSAOUDI\AppData\Roaming\Python\Python313\site-packages\sklearn\utils\validation.py:2691: UserWarning: X does not have valid feature names, but LGBMClassifier was fitted with feature names
  warnings.warn(
C:\Users\MMASSAOUDI\AppData\Roaming\Python\Python313\site-packages\sklearn\utils\validation.py:2691: UserWarning: X does not have valid feature names, but LGBMClassifier was fitted with feature names
  warnings.warn(
C:\Users\MMASSAOUDI\AppData\Roaming\Python\Python313\site-packages\sklearn\utils\validation.py:2691: UserWarning: X does not have valid feature names, but LGBMClassifier was fitted with feature names
  warnings.warn(
  UNSW-NB15 seed=1 done
C:\Users\MMASSAOUDI\AppData\Roaming\Python\Python313\site-packages\sklearn\linear_model\_logistic.py:406: ConvergenceWarning: lbfgs failed to converge after 200 iteration(s) (status=1):
STOP: TOTAL NO. OF ITERATIONS REACHED LIMIT

Increase the number of iterations to improve the convergence (max_iter=200).
You might also want to scale the data as shown in:
    https://scikit-learn.org/stable/modules/preprocessing.html
Please also refer to the documentation for alternative solver options:
    https://scikit-learn.org/stable/modules/linear_model.html#logistic-regression
  n_iter_i = _check_optimize_result(
C:\Users\MMASSAOUDI\AppData\Roaming\Python\Python313\site-packages\sklearn\utils\validation.py:2691: UserWarning: X does not have valid feature names, but LGBMClassifier was fitted with feature names
  warnings.warn(
C:\Users\MMASSAOUDI\AppData\Roaming\Python\Python313\site-packages\sklearn\utils\validation.py:2691: UserWarning: X does not have valid feature names, but LGBMClassifier was fitted with feature names
  warnings.warn(
C:\Users\MMASSAOUDI\AppData\Roaming\Python\Python313\site-packages\sklearn\utils\validation.py:2691: UserWarning: X does not have valid feature names, but LGBMClassifier was fitted with feature names
  warnings.warn(
C:\Users\MMASSAOUDI\AppData\Roaming\Python\Python313\site-packages\sklearn\utils\validation.py:2691: UserWarning: X does not have valid feature names, but LGBMClassifier was fitted with feature names
  warnings.warn(
  UNSW-NB15 seed=2 done
=== reward-mode tuning ToN-IoT-Network ===
C:\Users\MMASSAOUDI\AppData\Roaming\Python\Python313\site-packages\sklearn\linear_model\_logistic.py:406: ConvergenceWarning: lbfgs failed to converge after 200 iteration(s) (status=1):
STOP: TOTAL NO. OF ITERATIONS REACHED LIMIT

Increase the number of iterations to improve the convergence (max_iter=200).
You might also want to scale the data as shown in:
    https://scikit-learn.org/stable/modules/preprocessing.html
Please also refer to the documentation for alternative solver options:
    https://scikit-learn.org/stable/modules/linear_model.html#logistic-regression
  n_iter_i = _check_optimize_result(
C:\Users\MMASSAOUDI\AppData\Roaming\Python\Python313\site-packages\sklearn\utils\validation.py:2691: UserWarning: X does not have valid feature names, but LGBMClassifier was fitted with feature names
  warnings.warn(
C:\Users\MMASSAOUDI\AppData\Roaming\Python\Python313\site-packages\sklearn\utils\validation.py:2691: UserWarning: X does not have valid feature names, but LGBMClassifier was fitted with feature names
  warnings.warn(
C:\Users\MMASSAOUDI\AppData\Roaming\Python\Python313\site-packages\sklearn\utils\validation.py:2691: UserWarning: X does not have valid feature names, but LGBMClassifier was fitted with feature names
  warnings.warn(
C:\Users\MMASSAOUDI\AppData\Roaming\Python\Python313\site-packages\sklearn\utils\validation.py:2691: UserWarning: X does not have valid feature names, but LGBMClassifier was fitted with feature names
  warnings.warn(
    grid cfg={'c_isolate_benign': 1.2, 'r_isolate_malicious': 0.6, 'w_fp': 1.5} -> val macro_f1=0.9980 minority_recall=0.9958 gated_score=0.9980
    grid cfg={'c_isolate_benign': 3.0, 'r_isolate_malicious': 0.3, 'w_fp': 1.5} -> val macro_f1=0.9980 minority_recall=0.9958 gated_score=0.9980
    grid cfg={'c_isolate_benign': 6.0, 'r_isolate_malicious': 0.1, 'w_fp': 1.5} -> val macro_f1=0.9980 minority_recall=0.9957 gated_score=0.9980
    grid cfg={'c_isolate_benign': 6.0, 'r_isolate_malicious': 0.1, 'w_fp': 3.0} -> val macro_f1=0.9907 minority_recall=0.9764 gated_score=0.9907
  best validation-tuned reward config for ToN-IoT-Network: {'c_isolate_benign': 1.2, 'r_isolate_malicious': 0.6, 'w_fp': 1.5} (gated_score=0.9980)
  ToN-IoT-Network seed=0 done
C:\Users\MMASSAOUDI\AppData\Roaming\Python\Python313\site-packages\sklearn\linear_model\_logistic.py:406: ConvergenceWarning: lbfgs failed to converge after 200 iteration(s) (status=1):
STOP: TOTAL NO. OF ITERATIONS REACHED LIMIT

Increase the number of iterations to improve the convergence (max_iter=200).
You might also want to scale the data as shown in:
    https://scikit-learn.org/stable/modules/preprocessing.html
Please also refer to the documentation for alternative solver options:
    https://scikit-learn.org/stable/modules/linear_model.html#logistic-regression
  n_iter_i = _check_optimize_result(
C:\Users\MMASSAOUDI\AppData\Roaming\Python\Python313\site-packages\sklearn\utils\validation.py:2691: UserWarning: X does not have valid feature names, but LGBMClassifier was fitted with feature names
  warnings.warn(
C:\Users\MMASSAOUDI\AppData\Roaming\Python\Python313\site-packages\sklearn\utils\validation.py:2691: UserWarning: X does not have valid feature names, but LGBMClassifier was fitted with feature names
  warnings.warn(
C:\Users\MMASSAOUDI\AppData\Roaming\Python\Python313\site-packages\sklearn\utils\validation.py:2691: UserWarning: X does not have valid feature names, but LGBMClassifier was fitted with feature names
  warnings.warn(
C:\Users\MMASSAOUDI\AppData\Roaming\Python\Python313\site-packages\sklearn\utils\validation.py:2691: UserWarning: X does not have valid feature names, but LGBMClassifier was fitted with feature names
  warnings.warn(
  ToN-IoT-Network seed=1 done
C:\Users\MMASSAOUDI\AppData\Roaming\Python\Python313\site-packages\sklearn\linear_model\_logistic.py:406: ConvergenceWarning: lbfgs failed to converge after 200 iteration(s) (status=1):
STOP: TOTAL NO. OF ITERATIONS REACHED LIMIT

Increase the number of iterations to improve the convergence (max_iter=200).
You might also want to scale the data as shown in:
    https://scikit-learn.org/stable/modules/preprocessing.html
Please also refer to the documentation for alternative solver options:
    https://scikit-learn.org/stable/modules/linear_model.html#logistic-regression
  n_iter_i = _check_optimize_result(
C:\Users\MMASSAOUDI\AppData\Roaming\Python\Python313\site-packages\sklearn\utils\validation.py:2691: UserWarning: X does not have valid feature names, but LGBMClassifier was fitted with feature names
  warnings.warn(
C:\Users\MMASSAOUDI\AppData\Roaming\Python\Python313\site-packages\sklearn\utils\validation.py:2691: UserWarning: X does not have valid feature names, but LGBMClassifier was fitted with feature names
  warnings.warn(
C:\Users\MMASSAOUDI\AppData\Roaming\Python\Python313\site-packages\sklearn\utils\validation.py:2691: UserWarning: X does not have valid feature names, but LGBMClassifier was fitted with feature names
  warnings.warn(
C:\Users\MMASSAOUDI\AppData\Roaming\Python\Python313\site-packages\sklearn\utils\validation.py:2691: UserWarning: X does not have valid feature names, but LGBMClassifier was fitted with feature names
  warnings.warn(
  ToN-IoT-Network seed=2 done
=== reward-mode tuning CICIoT2023 ===
C:\Users\MMASSAOUDI\AppData\Roaming\Python\Python313\site-packages\sklearn\linear_model\_logistic.py:406: ConvergenceWarning: lbfgs failed to converge after 200 iteration(s) (status=1):
STOP: TOTAL NO. OF ITERATIONS REACHED LIMIT

Increase the number of iterations to improve the convergence (max_iter=200).
You might also want to scale the data as shown in:
    https://scikit-learn.org/stable/modules/preprocessing.html
Please also refer to the documentation for alternative solver options:
    https://scikit-learn.org/stable/modules/linear_model.html#logistic-regression
  n_iter_i = _check_optimize_result(
C:\Users\MMASSAOUDI\AppData\Roaming\Python\Python313\site-packages\sklearn\utils\validation.py:2691: UserWarning: X does not have valid feature names, but LGBMClassifier was fitted with feature names
  warnings.warn(
C:\Users\MMASSAOUDI\Desktop\research work\Alienware\Innovative paper 2\code\experiments\..\aegis\..\aegis\..\baselines\deep_baselines.py:32: UserWarning: The given NumPy array is not writable, and PyTorch does not support non-writable tensors. This means writing to this tensor will result in undefined behavior. You may want to copy the array to protect its data or make it writable before converting it to a tensor. This type of warning will be suppressed for the rest of this program. (Triggered internally at C:\actions-runner\_work\pytorch\pytorch\torch\csrc\utils\tensor_numpy.cpp:219.)
  self.X = torch.as_tensor(X, dtype=torch.float32)
C:\Users\MMASSAOUDI\AppData\Roaming\Python\Python313\site-packages\sklearn\utils\validation.py:2691: UserWarning: X does not have valid feature names, but LGBMClassifier was fitted with feature names
  warnings.warn(
C:\Users\MMASSAOUDI\AppData\Roaming\Python\Python313\site-packages\sklearn\utils\validation.py:2691: UserWarning: X does not have valid feature names, but LGBMClassifier was fitted with feature names
  warnings.warn(
C:\Users\MMASSAOUDI\AppData\Roaming\Python\Python313\site-packages\sklearn\utils\validation.py:2691: UserWarning: X does not have valid feature names, but LGBMClassifier was fitted with feature names
  warnings.warn(
    grid cfg={'c_isolate_benign': 1.2, 'r_isolate_malicious': 0.6, 'w_fp': 1.5} -> val macro_f1=0.9474 minority_recall=0.9518 gated_score=0.9474
    grid cfg={'c_isolate_benign': 3.0, 'r_isolate_malicious': 0.3, 'w_fp': 1.5} -> val macro_f1=0.9474 minority_recall=0.9518 gated_score=0.9474
    grid cfg={'c_isolate_benign': 6.0, 'r_isolate_malicious': 0.1, 'w_fp': 1.5} -> val macro_f1=0.4942 minority_recall=0.0000 gated_score=0.0000
    grid cfg={'c_isolate_benign': 6.0, 'r_isolate_malicious': 0.1, 'w_fp': 3.0} -> val macro_f1=0.9474 minority_recall=0.9518 gated_score=0.9474
  best validation-tuned reward config for CICIoT2023: {'c_isolate_benign': 1.2, 'r_isolate_malicious': 0.6, 'w_fp': 1.5} (gated_score=0.9474)
  CICIoT2023 seed=0 done
C:\Users\MMASSAOUDI\AppData\Roaming\Python\Python313\site-packages\sklearn\linear_model\_logistic.py:406: ConvergenceWarning: lbfgs failed to converge after 200 iteration(s) (status=1):
STOP: TOTAL NO. OF ITERATIONS REACHED LIMIT

Increase the number of iterations to improve the convergence (max_iter=200).
You might also want to scale the data as shown in:
    https://scikit-learn.org/stable/modules/preprocessing.html
Please also refer to the documentation for alternative solver options:
    https://scikit-learn.org/stable/modules/linear_model.html#logistic-regression
  n_iter_i = _check_optimize_result(
C:\Users\MMASSAOUDI\AppData\Roaming\Python\Python313\site-packages\sklearn\utils\validation.py:2691: UserWarning: X does not have valid feature names, but LGBMClassifier was fitted with feature names
  warnings.warn(
C:\Users\MMASSAOUDI\AppData\Roaming\Python\Python313\site-packages\sklearn\utils\validation.py:2691: UserWarning: X does not have valid feature names, but LGBMClassifier was fitted with feature names
  warnings.warn(
C:\Users\MMASSAOUDI\AppData\Roaming\Python\Python313\site-packages\sklearn\utils\validation.py:2691: UserWarning: X does not have valid feature names, but LGBMClassifier was fitted with feature names
  warnings.warn(
C:\Users\MMASSAOUDI\AppData\Roaming\Python\Python313\site-packages\sklearn\utils\validation.py:2691: UserWarning: X does not have valid feature names, but LGBMClassifier was fitted with feature names
  warnings.warn(
  CICIoT2023 seed=1 done
C:\Users\MMASSAOUDI\AppData\Roaming\Python\Python313\site-packages\sklearn\linear_model\_logistic.py:406: ConvergenceWarning: lbfgs failed to converge after 200 iteration(s) (status=1):
STOP: TOTAL NO. OF ITERATIONS REACHED LIMIT

Increase the number of iterations to improve the convergence (max_iter=200).
You might also want to scale the data as shown in:
    https://scikit-learn.org/stable/modules/preprocessing.html
Please also refer to the documentation for alternative solver options:
    https://scikit-learn.org/stable/modules/linear_model.html#logistic-regression
  n_iter_i = _check_optimize_result(
C:\Users\MMASSAOUDI\AppData\Roaming\Python\Python313\site-packages\sklearn\utils\validation.py:2691: UserWarning: X does not have valid feature names, but LGBMClassifier was fitted with feature names
  warnings.warn(
C:\Users\MMASSAOUDI\AppData\Roaming\Python\Python313\site-packages\sklearn\utils\validation.py:2691: UserWarning: X does not have valid feature names, but LGBMClassifier was fitted with feature names
  warnings.warn(
C:\Users\MMASSAOUDI\AppData\Roaming\Python\Python313\site-packages\sklearn\utils\validation.py:2691: UserWarning: X does not have valid feature names, but LGBMClassifier was fitted with feature names
  warnings.warn(
C:\Users\MMASSAOUDI\AppData\Roaming\Python\Python313\site-packages\sklearn\utils\validation.py:2691: UserWarning: X does not have valid feature names, but LGBMClassifier was fitted with feature names
  warnings.warn(
  CICIoT2023 seed=2 done
Saved results/csv/aegis_reward_modes.csv
