=== driver: UNSW-NB15 seed=0 ===
Resuming: 5 (dataset, seed) pairs already complete: [('ToN-IoT-Network', 0), ('ToN-IoT-Network', 1), ('UNSW-NB15', 0), ('UNSW-NB15', 1), ('UNSW-NB15', 2)]
=== analytic baseline UNSW-NB15 seed=0 (skip, already done) ===
Saved results/csv/aegis_analytic_baseline.csv
=== driver: UNSW-NB15 seed=1 ===
Resuming: 5 (dataset, seed) pairs already complete: [('ToN-IoT-Network', 0), ('ToN-IoT-Network', 1), ('UNSW-NB15', 0), ('UNSW-NB15', 1), ('UNSW-NB15', 2)]
=== analytic baseline UNSW-NB15 seed=1 (skip, already done) ===
Saved results/csv/aegis_analytic_baseline.csv
=== driver: UNSW-NB15 seed=2 ===
Resuming: 5 (dataset, seed) pairs already complete: [('ToN-IoT-Network', 0), ('ToN-IoT-Network', 1), ('UNSW-NB15', 0), ('UNSW-NB15', 1), ('UNSW-NB15', 2)]
=== analytic baseline UNSW-NB15 seed=2 (skip, already done) ===
Saved results/csv/aegis_analytic_baseline.csv
=== driver: UNSW-NB15 seed=3 ===
Resuming: 5 (dataset, seed) pairs already complete: [('ToN-IoT-Network', 0), ('ToN-IoT-Network', 1), ('UNSW-NB15', 0), ('UNSW-NB15', 1), ('UNSW-NB15', 2)]
=== analytic baseline UNSW-NB15 seed=3 ===
C:\Users\MMASSAOUDI\AppData\Roaming\Python\Python313\site-packages\sklearn\linear_model\_logistic.py:406: ConvergenceWarning: lbfgs failed to converge after 200 iteration(s) (status=1):
STOP: TOTAL NO. OF ITERATIONS REACHED LIMIT

Increase the number of iterations to improve the convergence (max_iter=200).
You might also want to scale the data as shown in:
    https://scikit-learn.org/stable/modules/preprocessing.html
Please also refer to the documentation for alternative solver options:
    https://scikit-learn.org/stable/modules/linear_model.html#logistic-regression
  n_iter_i = _check_optimize_result(
C:\Users\MMASSAOUDI\AppData\Roaming\Python\Python313\site-packages\sklearn\utils\validation.py:2691: UserWarning: X does not have valid feature names, but LGBMClassifier was fitted with feature names
  warnings.warn(
C:\Users\MMASSAOUDI\AppData\Roaming\Python\Python313\site-packages\sklearn\utils\validation.py:2691: UserWarning: X does not have valid feature names, but LGBMClassifier was fitted with feature names
  warnings.warn(
C:\Users\MMASSAOUDI\AppData\Roaming\Python\Python313\site-packages\sklearn\utils\validation.py:2691: UserWarning: X does not have valid feature names, but LGBMClassifier was fitted with feature names
  warnings.warn(
C:\Users\MMASSAOUDI\AppData\Roaming\Python\Python313\site-packages\sklearn\utils\validation.py:2691: UserWarning: X does not have valid feature names, but LGBMClassifier was fitted with feature names
  warnings.warn(
  test macro_f1=0.9631 isolation_rate=0.000 commit_rate=0.903
Saved results/csv/aegis_analytic_baseline.csv
=== driver: UNSW-NB15 seed=4 ===
Resuming: 6 (dataset, seed) pairs already complete: [('ToN-IoT-Network', 0), ('ToN-IoT-Network', 1), ('UNSW-NB15', 0), ('UNSW-NB15', 1), ('UNSW-NB15', 2), ('UNSW-NB15', 3)]
=== analytic baseline UNSW-NB15 seed=4 ===
C:\Users\MMASSAOUDI\AppData\Roaming\Python\Python313\site-packages\sklearn\linear_model\_logistic.py:406: ConvergenceWarning: lbfgs failed to converge after 200 iteration(s) (status=1):
STOP: TOTAL NO. OF ITERATIONS REACHED LIMIT

Increase the number of iterations to improve the convergence (max_iter=200).
You might also want to scale the data as shown in:
    https://scikit-learn.org/stable/modules/preprocessing.html
Please also refer to the documentation for alternative solver options:
    https://scikit-learn.org/stable/modules/linear_model.html#logistic-regression
  n_iter_i = _check_optimize_result(
C:\Users\MMASSAOUDI\AppData\Roaming\Python\Python313\site-packages\sklearn\utils\validation.py:2691: UserWarning: X does not have valid feature names, but LGBMClassifier was fitted with feature names
  warnings.warn(
  ERROR: CatBoostError bad allocation
Saved results/csv/aegis_analytic_baseline.csv
=== driver: UNSW-NB15 seed=5 ===
Resuming: 6 (dataset, seed) pairs already complete: [('ToN-IoT-Network', 0), ('ToN-IoT-Network', 1), ('UNSW-NB15', 0), ('UNSW-NB15', 1), ('UNSW-NB15', 2), ('UNSW-NB15', 3)]
=== analytic baseline UNSW-NB15 seed=5 ===
  ERROR: MemoryError Unable to allocate 1.34 MiB for an array with shape (175341,) and data type int64
Saved results/csv/aegis_analytic_baseline.csv
=== driver: UNSW-NB15 seed=6 ===
Resuming: 6 (dataset, seed) pairs already complete: [('ToN-IoT-Network', 0), ('ToN-IoT-Network', 1), ('UNSW-NB15', 0), ('UNSW-NB15', 1), ('UNSW-NB15', 2), ('UNSW-NB15', 3)]
=== analytic baseline UNSW-NB15 seed=6 ===
C:\Users\MMASSAOUDI\AppData\Roaming\Python\Python313\site-packages\sklearn\linear_model\_logistic.py:406: ConvergenceWarning: lbfgs failed to converge after 200 iteration(s) (status=1):
STOP: TOTAL NO. OF ITERATIONS REACHED LIMIT

Increase the number of iterations to improve the convergence (max_iter=200).
You might also want to scale the data as shown in:
    https://scikit-learn.org/stable/modules/preprocessing.html
Please also refer to the documentation for alternative solver options:
    https://scikit-learn.org/stable/modules/linear_model.html#logistic-regression
  n_iter_i = _check_optimize_result(
C:\Users\MMASSAOUDI\AppData\Roaming\Python\Python313\site-packages\sklearn\utils\validation.py:2691: UserWarning: X does not have valid feature names, but LGBMClassifier was fitted with feature names
  warnings.warn(
C:\Users\MMASSAOUDI\AppData\Roaming\Python\Python313\site-packages\sklearn\utils\validation.py:2691: UserWarning: X does not have valid feature names, but LGBMClassifier was fitted with feature names
  warnings.warn(
C:\Users\MMASSAOUDI\AppData\Roaming\Python\Python313\site-packages\sklearn\utils\validation.py:2691: UserWarning: X does not have valid feature names, but LGBMClassifier was fitted with feature names
  warnings.warn(
C:\Users\MMASSAOUDI\AppData\Roaming\Python\Python313\site-packages\sklearn\utils\validation.py:2691: UserWarning: X does not have valid feature names, but LGBMClassifier was fitted with feature names
  warnings.warn(
  test macro_f1=0.9608 isolation_rate=0.000 commit_rate=0.901
Saved results/csv/aegis_analytic_baseline.csv
=== driver: UNSW-NB15 seed=7 ===
Resuming: 7 (dataset, seed) pairs already complete: [('ToN-IoT-Network', 0), ('ToN-IoT-Network', 1), ('UNSW-NB15', 0), ('UNSW-NB15', 1), ('UNSW-NB15', 2), ('UNSW-NB15', 3), ('UNSW-NB15', 6)]
=== analytic baseline UNSW-NB15 seed=7 ===
C:\Users\MMASSAOUDI\AppData\Roaming\Python\Python313\site-packages\sklearn\linear_model\_logistic.py:406: ConvergenceWarning: lbfgs failed to converge after 200 iteration(s) (status=1):
STOP: TOTAL NO. OF ITERATIONS REACHED LIMIT

Increase the number of iterations to improve the convergence (max_iter=200).
You might also want to scale the data as shown in:
    https://scikit-learn.org/stable/modules/preprocessing.html
Please also refer to the documentation for alternative solver options:
    https://scikit-learn.org/stable/modules/linear_model.html#logistic-regression
  n_iter_i = _check_optimize_result(
C:\Users\MMASSAOUDI\AppData\Roaming\Python\Python313\site-packages\sklearn\utils\validation.py:2691: UserWarning: X does not have valid feature names, but LGBMClassifier was fitted with feature names
  warnings.warn(
C:\Users\MMASSAOUDI\AppData\Roaming\Python\Python313\site-packages\sklearn\utils\validation.py:2691: UserWarning: X does not have valid feature names, but LGBMClassifier was fitted with feature names
  warnings.warn(
C:\Users\MMASSAOUDI\AppData\Roaming\Python\Python313\site-packages\sklearn\utils\validation.py:2691: UserWarning: X does not have valid feature names, but LGBMClassifier was fitted with feature names
  warnings.warn(
C:\Users\MMASSAOUDI\AppData\Roaming\Python\Python313\site-packages\sklearn\utils\validation.py:2691: UserWarning: X does not have valid feature names, but LGBMClassifier was fitted with feature names
  warnings.warn(
  ERROR: MemoryError Unable to allocate 38.5 MiB for an array with shape (15000, 16, 42) and data type float32
Saved results/csv/aegis_analytic_baseline.csv
=== driver: UNSW-NB15 seed=8 ===
Traceback (most recent call last):
  File "C:\Users\MMASSAOUDI\Desktop\research work\Alienware\Innovative paper 2\code\experiments\run_analytic_baseline.py", line 43, in <module>
    from aegis.pipeline import fit_aegis_backbone
  File "C:\Users\MMASSAOUDI\Desktop\research work\Alienware\Innovative paper 2\code\experiments\..\aegis\pipeline.py", line 29, in <module>
    from aegis.expert_pool import (fit_tree_experts, tree_expert_proba, NeuralExpertBundle,
                                    GraphExpertBundle, stacking_split)
  File "C:\Users\MMASSAOUDI\Desktop\research work\Alienware\Innovative paper 2\code\experiments\..\aegis\..\aegis\expert_pool.py", line 22, in <module>
    import torch
  File "C:\Users\MMASSAOUDI\AppData\Roaming\Python\Python313\site-packages\torch\__init__.py", line 287, in <module>
    _load_dll_libraries()
    ~~~~~~~~~~~~~~~~~~~^^
  File "C:\Users\MMASSAOUDI\AppData\Roaming\Python\Python313\site-packages\torch\__init__.py", line 270, in _load_dll_libraries
    raise err
OSError: [WinError 1455] The paging file is too small for this operation to complete. Error loading "C:\Users\MMASSAOUDI\AppData\Roaming\Python\Python313\site-packages\torch\lib\cublas64_12.dll" or one of its dependencies.
=== driver: UNSW-NB15 seed=9 ===
Resuming: 7 (dataset, seed) pairs already complete: [('ToN-IoT-Network', 0), ('ToN-IoT-Network', 1), ('UNSW-NB15', 0), ('UNSW-NB15', 1), ('UNSW-NB15', 2), ('UNSW-NB15', 3), ('UNSW-NB15', 6)]
=== analytic baseline UNSW-NB15 seed=9 ===
C:\Users\MMASSAOUDI\AppData\Roaming\Python\Python313\site-packages\sklearn\linear_model\_logistic.py:406: ConvergenceWarning: lbfgs failed to converge after 200 iteration(s) (status=1):
STOP: TOTAL NO. OF ITERATIONS REACHED LIMIT

Increase the number of iterations to improve the convergence (max_iter=200).
You might also want to scale the data as shown in:
    https://scikit-learn.org/stable/modules/preprocessing.html
Please also refer to the documentation for alternative solver options:
    https://scikit-learn.org/stable/modules/linear_model.html#logistic-regression
  n_iter_i = _check_optimize_result(
C:\Users\MMASSAOUDI\AppData\Roaming\Python\Python313\site-packages\sklearn\utils\validation.py:2691: UserWarning: X does not have valid feature names, but LGBMClassifier was fitted with feature names
  warnings.warn(
C:\Users\MMASSAOUDI\AppData\Roaming\Python\Python313\site-packages\sklearn\utils\validation.py:2691: UserWarning: X does not have valid feature names, but LGBMClassifier was fitted with feature names
  warnings.warn(
C:\Users\MMASSAOUDI\AppData\Roaming\Python\Python313\site-packages\sklearn\utils\validation.py:2691: UserWarning: X does not have valid feature names, but LGBMClassifier was fitted with feature names
  warnings.warn(
C:\Users\MMASSAOUDI\AppData\Roaming\Python\Python313\site-packages\sklearn\utils\validation.py:2691: UserWarning: X does not have valid feature names, but LGBMClassifier was fitted with feature names
  warnings.warn(
  test macro_f1=0.9673 isolation_rate=0.000 commit_rate=0.894
Saved results/csv/aegis_analytic_baseline.csv
=== driver: ToN-IoT-Network seed=0 ===
Resuming: 8 (dataset, seed) pairs already complete: [('ToN-IoT-Network', 0), ('ToN-IoT-Network', 1), ('UNSW-NB15', 0), ('UNSW-NB15', 1), ('UNSW-NB15', 2), ('UNSW-NB15', 3), ('UNSW-NB15', 6), ('UNSW-NB15', 9)]
=== analytic baseline ToN-IoT-Network seed=0 (skip, already done) ===
Saved results/csv/aegis_analytic_baseline.csv
=== driver: ToN-IoT-Network seed=1 ===
Resuming: 8 (dataset, seed) pairs already complete: [('ToN-IoT-Network', 0), ('ToN-IoT-Network', 1), ('UNSW-NB15', 0), ('UNSW-NB15', 1), ('UNSW-NB15', 2), ('UNSW-NB15', 3), ('UNSW-NB15', 6), ('UNSW-NB15', 9)]
=== analytic baseline ToN-IoT-Network seed=1 (skip, already done) ===
Saved results/csv/aegis_analytic_baseline.csv
=== driver: ToN-IoT-Network seed=2 ===
Resuming: 8 (dataset, seed) pairs already complete: [('ToN-IoT-Network', 0), ('ToN-IoT-Network', 1), ('UNSW-NB15', 0), ('UNSW-NB15', 1), ('UNSW-NB15', 2), ('UNSW-NB15', 3), ('UNSW-NB15', 6), ('UNSW-NB15', 9)]
=== analytic baseline ToN-IoT-Network seed=2 ===
C:\Users\MMASSAOUDI\AppData\Roaming\Python\Python313\site-packages\sklearn\linear_model\_logistic.py:406: ConvergenceWarning: lbfgs failed to converge after 200 iteration(s) (status=1):
STOP: TOTAL NO. OF ITERATIONS REACHED LIMIT

Increase the number of iterations to improve the convergence (max_iter=200).
You might also want to scale the data as shown in:
    https://scikit-learn.org/stable/modules/preprocessing.html
Please also refer to the documentation for alternative solver options:
    https://scikit-learn.org/stable/modules/linear_model.html#logistic-regression
  n_iter_i = _check_optimize_result(
C:\Users\MMASSAOUDI\AppData\Roaming\Python\Python313\site-packages\sklearn\utils\validation.py:2691: UserWarning: X does not have valid feature names, but LGBMClassifier was fitted with feature names
  warnings.warn(
C:\Users\MMASSAOUDI\AppData\Roaming\Python\Python313\site-packages\sklearn\utils\validation.py:2691: UserWarning: X does not have valid feature names, but LGBMClassifier was fitted with feature names
  warnings.warn(
C:\Users\MMASSAOUDI\AppData\Roaming\Python\Python313\site-packages\sklearn\utils\validation.py:2691: UserWarning: X does not have valid feature names, but LGBMClassifier was fitted with feature names
  warnings.warn(
C:\Users\MMASSAOUDI\AppData\Roaming\Python\Python313\site-packages\sklearn\utils\validation.py:2691: UserWarning: X does not have valid feature names, but LGBMClassifier was fitted with feature names
  warnings.warn(
  test macro_f1=0.9984 isolation_rate=0.000 commit_rate=0.998
Saved results/csv/aegis_analytic_baseline.csv
=== driver: ToN-IoT-Network seed=3 ===
Resuming: 9 (dataset, seed) pairs already complete: [('ToN-IoT-Network', 0), ('ToN-IoT-Network', 1), ('ToN-IoT-Network', 2), ('UNSW-NB15', 0), ('UNSW-NB15', 1), ('UNSW-NB15', 2), ('UNSW-NB15', 3), ('UNSW-NB15', 6), ('UNSW-NB15', 9)]
=== analytic baseline ToN-IoT-Network seed=3 ===
C:\Users\MMASSAOUDI\AppData\Roaming\Python\Python313\site-packages\sklearn\linear_model\_logistic.py:406: ConvergenceWarning: lbfgs failed to converge after 200 iteration(s) (status=1):
STOP: TOTAL NO. OF ITERATIONS REACHED LIMIT

Increase the number of iterations to improve the convergence (max_iter=200).
You might also want to scale the data as shown in:
    https://scikit-learn.org/stable/modules/preprocessing.html
Please also refer to the documentation for alternative solver options:
    https://scikit-learn.org/stable/modules/linear_model.html#logistic-regression
  n_iter_i = _check_optimize_result(
C:\Users\MMASSAOUDI\AppData\Roaming\Python\Python313\site-packages\sklearn\utils\validation.py:2691: UserWarning: X does not have valid feature names, but LGBMClassifier was fitted with feature names
  warnings.warn(
C:\Users\MMASSAOUDI\AppData\Roaming\Python\Python313\site-packages\sklearn\utils\validation.py:2691: UserWarning: X does not have valid feature names, but LGBMClassifier was fitted with feature names
  warnings.warn(
C:\Users\MMASSAOUDI\AppData\Roaming\Python\Python313\site-packages\sklearn\utils\validation.py:2691: UserWarning: X does not have valid feature names, but LGBMClassifier was fitted with feature names
  warnings.warn(
C:\Users\MMASSAOUDI\AppData\Roaming\Python\Python313\site-packages\sklearn\utils\validation.py:2691: UserWarning: X does not have valid feature names, but LGBMClassifier was fitted with feature names
  warnings.warn(
  test macro_f1=0.9990 isolation_rate=0.000 commit_rate=0.997
Saved results/csv/aegis_analytic_baseline.csv
=== driver: ToN-IoT-Network seed=4 ===
Resuming: 10 (dataset, seed) pairs already complete: [('ToN-IoT-Network', 0), ('ToN-IoT-Network', 1), ('ToN-IoT-Network', 2), ('ToN-IoT-Network', 3), ('UNSW-NB15', 0), ('UNSW-NB15', 1), ('UNSW-NB15', 2), ('UNSW-NB15', 3), ('UNSW-NB15', 6), ('UNSW-NB15', 9)]
=== analytic baseline ToN-IoT-Network seed=4 ===
C:\Users\MMASSAOUDI\AppData\Roaming\Python\Python313\site-packages\sklearn\linear_model\_logistic.py:406: ConvergenceWarning: lbfgs failed to converge after 200 iteration(s) (status=1):
STOP: TOTAL NO. OF ITERATIONS REACHED LIMIT

Increase the number of iterations to improve the convergence (max_iter=200).
You might also want to scale the data as shown in:
    https://scikit-learn.org/stable/modules/preprocessing.html
Please also refer to the documentation for alternative solver options:
    https://scikit-learn.org/stable/modules/linear_model.html#logistic-regression
  n_iter_i = _check_optimize_result(
C:\Users\MMASSAOUDI\AppData\Roaming\Python\Python313\site-packages\sklearn\utils\validation.py:2691: UserWarning: X does not have valid feature names, but LGBMClassifier was fitted with feature names
  warnings.warn(
C:\Users\MMASSAOUDI\AppData\Roaming\Python\Python313\site-packages\sklearn\utils\validation.py:2691: UserWarning: X does not have valid feature names, but LGBMClassifier was fitted with feature names
  warnings.warn(
C:\Users\MMASSAOUDI\AppData\Roaming\Python\Python313\site-packages\sklearn\utils\validation.py:2691: UserWarning: X does not have valid feature names, but LGBMClassifier was fitted with feature names
  warnings.warn(
C:\Users\MMASSAOUDI\AppData\Roaming\Python\Python313\site-packages\sklearn\utils\validation.py:2691: UserWarning: X does not have valid feature names, but LGBMClassifier was fitted with feature names
  warnings.warn(
  test macro_f1=0.9969 isolation_rate=0.000 commit_rate=0.898
Saved results/csv/aegis_analytic_baseline.csv
=== driver: ToN-IoT-Network seed=5 ===
Resuming: 11 (dataset, seed) pairs already complete: [('ToN-IoT-Network', 0), ('ToN-IoT-Network', 1), ('ToN-IoT-Network', 2), ('ToN-IoT-Network', 3), ('ToN-IoT-Network', 4), ('UNSW-NB15', 0), ('UNSW-NB15', 1), ('UNSW-NB15', 2), ('UNSW-NB15', 3), ('UNSW-NB15', 6), ('UNSW-NB15', 9)]
=== analytic baseline ToN-IoT-Network seed=5 ===
C:\Users\MMASSAOUDI\AppData\Roaming\Python\Python313\site-packages\sklearn\linear_model\_logistic.py:406: ConvergenceWarning: lbfgs failed to converge after 200 iteration(s) (status=1):
STOP: TOTAL NO. OF ITERATIONS REACHED LIMIT

Increase the number of iterations to improve the convergence (max_iter=200).
You might also want to scale the data as shown in:
    https://scikit-learn.org/stable/modules/preprocessing.html
Please also refer to the documentation for alternative solver options:
    https://scikit-learn.org/stable/modules/linear_model.html#logistic-regression
  n_iter_i = _check_optimize_result(
C:\Users\MMASSAOUDI\AppData\Roaming\Python\Python313\site-packages\sklearn\utils\validation.py:2691: UserWarning: X does not have valid feature names, but LGBMClassifier was fitted with feature names
  warnings.warn(
C:\Users\MMASSAOUDI\AppData\Roaming\Python\Python313\site-packages\sklearn\utils\validation.py:2691: UserWarning: X does not have valid feature names, but LGBMClassifier was fitted with feature names
  warnings.warn(
C:\Users\MMASSAOUDI\AppData\Roaming\Python\Python313\site-packages\sklearn\utils\validation.py:2691: UserWarning: X does not have valid feature names, but LGBMClassifier was fitted with feature names
  warnings.warn(
C:\Users\MMASSAOUDI\AppData\Roaming\Python\Python313\site-packages\sklearn\utils\validation.py:2691: UserWarning: X does not have valid feature names, but LGBMClassifier was fitted with feature names
  warnings.warn(
  test macro_f1=0.9961 isolation_rate=0.000 commit_rate=0.998
Saved results/csv/aegis_analytic_baseline.csv
=== driver: ToN-IoT-Network seed=6 ===
Resuming: 12 (dataset, seed) pairs already complete: [('ToN-IoT-Network', 0), ('ToN-IoT-Network', 1), ('ToN-IoT-Network', 2), ('ToN-IoT-Network', 3), ('ToN-IoT-Network', 4), ('ToN-IoT-Network', 5), ('UNSW-NB15', 0), ('UNSW-NB15', 1), ('UNSW-NB15', 2), ('UNSW-NB15', 3), ('UNSW-NB15', 6), ('UNSW-NB15', 9)]
=== analytic baseline ToN-IoT-Network seed=6 ===
C:\Users\MMASSAOUDI\AppData\Roaming\Python\Python313\site-packages\sklearn\linear_model\_logistic.py:406: ConvergenceWarning: lbfgs failed to converge after 200 iteration(s) (status=1):
STOP: TOTAL NO. OF ITERATIONS REACHED LIMIT

Increase the number of iterations to improve the convergence (max_iter=200).
You might also want to scale the data as shown in:
    https://scikit-learn.org/stable/modules/preprocessing.html
Please also refer to the documentation for alternative solver options:
    https://scikit-learn.org/stable/modules/linear_model.html#logistic-regression
  n_iter_i = _check_optimize_result(
C:\Users\MMASSAOUDI\AppData\Roaming\Python\Python313\site-packages\sklearn\utils\validation.py:2691: UserWarning: X does not have valid feature names, but LGBMClassifier was fitted with feature names
  warnings.warn(
C:\Users\MMASSAOUDI\AppData\Roaming\Python\Python313\site-packages\sklearn\utils\validation.py:2691: UserWarning: X does not have valid feature names, but LGBMClassifier was fitted with feature names
  warnings.warn(
C:\Users\MMASSAOUDI\AppData\Roaming\Python\Python313\site-packages\sklearn\utils\validation.py:2691: UserWarning: X does not have valid feature names, but LGBMClassifier was fitted with feature names
  warnings.warn(
C:\Users\MMASSAOUDI\AppData\Roaming\Python\Python313\site-packages\sklearn\utils\validation.py:2691: UserWarning: X does not have valid feature names, but LGBMClassifier was fitted with feature names
  warnings.warn(
  test macro_f1=0.9945 isolation_rate=0.000 commit_rate=0.997
Saved results/csv/aegis_analytic_baseline.csv
=== driver: ToN-IoT-Network seed=7 ===
Resuming: 13 (dataset, seed) pairs already complete: [('ToN-IoT-Network', 0), ('ToN-IoT-Network', 1), ('ToN-IoT-Network', 2), ('ToN-IoT-Network', 3), ('ToN-IoT-Network', 4), ('ToN-IoT-Network', 5), ('ToN-IoT-Network', 6), ('UNSW-NB15', 0), ('UNSW-NB15', 1), ('UNSW-NB15', 2), ('UNSW-NB15', 3), ('UNSW-NB15', 6), ('UNSW-NB15', 9)]
=== analytic baseline ToN-IoT-Network seed=7 ===
C:\Users\MMASSAOUDI\AppData\Roaming\Python\Python313\site-packages\sklearn\linear_model\_logistic.py:406: ConvergenceWarning: lbfgs failed to converge after 200 iteration(s) (status=1):
STOP: TOTAL NO. OF ITERATIONS REACHED LIMIT

Increase the number of iterations to improve the convergence (max_iter=200).
You might also want to scale the data as shown in:
    https://scikit-learn.org/stable/modules/preprocessing.html
Please also refer to the documentation for alternative solver options:
    https://scikit-learn.org/stable/modules/linear_model.html#logistic-regression
  n_iter_i = _check_optimize_result(
C:\Users\MMASSAOUDI\AppData\Roaming\Python\Python313\site-packages\sklearn\utils\validation.py:2691: UserWarning: X does not have valid feature names, but LGBMClassifier was fitted with feature names
  warnings.warn(
C:\Users\MMASSAOUDI\AppData\Roaming\Python\Python313\site-packages\sklearn\utils\validation.py:2691: UserWarning: X does not have valid feature names, but LGBMClassifier was fitted with feature names
  warnings.warn(
C:\Users\MMASSAOUDI\AppData\Roaming\Python\Python313\site-packages\sklearn\utils\validation.py:2691: UserWarning: X does not have valid feature names, but LGBMClassifier was fitted with feature names
  warnings.warn(
C:\Users\MMASSAOUDI\AppData\Roaming\Python\Python313\site-packages\sklearn\utils\validation.py:2691: UserWarning: X does not have valid feature names, but LGBMClassifier was fitted with feature names
  warnings.warn(
  test macro_f1=0.9982 isolation_rate=0.000 commit_rate=0.998
Saved results/csv/aegis_analytic_baseline.csv
=== driver: ToN-IoT-Network seed=8 ===
Resuming: 14 (dataset, seed) pairs already complete: [('ToN-IoT-Network', 0), ('ToN-IoT-Network', 1), ('ToN-IoT-Network', 2), ('ToN-IoT-Network', 3), ('ToN-IoT-Network', 4), ('ToN-IoT-Network', 5), ('ToN-IoT-Network', 6), ('ToN-IoT-Network', 7), ('UNSW-NB15', 0), ('UNSW-NB15', 1), ('UNSW-NB15', 2), ('UNSW-NB15', 3), ('UNSW-NB15', 6), ('UNSW-NB15', 9)]
=== analytic baseline ToN-IoT-Network seed=8 ===
C:\Users\MMASSAOUDI\AppData\Roaming\Python\Python313\site-packages\sklearn\linear_model\_logistic.py:406: ConvergenceWarning: lbfgs failed to converge after 200 iteration(s) (status=1):
STOP: TOTAL NO. OF ITERATIONS REACHED LIMIT

Increase the number of iterations to improve the convergence (max_iter=200).
You might also want to scale the data as shown in:
    https://scikit-learn.org/stable/modules/preprocessing.html
Please also refer to the documentation for alternative solver options:
    https://scikit-learn.org/stable/modules/linear_model.html#logistic-regression
  n_iter_i = _check_optimize_result(
C:\Users\MMASSAOUDI\AppData\Roaming\Python\Python313\site-packages\sklearn\utils\validation.py:2691: UserWarning: X does not have valid feature names, but LGBMClassifier was fitted with feature names
  warnings.warn(
C:\Users\MMASSAOUDI\AppData\Roaming\Python\Python313\site-packages\sklearn\utils\validation.py:2691: UserWarning: X does not have valid feature names, but LGBMClassifier was fitted with feature names
  warnings.warn(
C:\Users\MMASSAOUDI\AppData\Roaming\Python\Python313\site-packages\sklearn\utils\validation.py:2691: UserWarning: X does not have valid feature names, but LGBMClassifier was fitted with feature names
  warnings.warn(
C:\Users\MMASSAOUDI\AppData\Roaming\Python\Python313\site-packages\sklearn\utils\validation.py:2691: UserWarning: X does not have valid feature names, but LGBMClassifier was fitted with feature names
  warnings.warn(
  test macro_f1=0.9981 isolation_rate=0.000 commit_rate=0.997
Saved results/csv/aegis_analytic_baseline.csv
=== driver: ToN-IoT-Network seed=9 ===
Resuming: 15 (dataset, seed) pairs already complete: [('ToN-IoT-Network', 0), ('ToN-IoT-Network', 1), ('ToN-IoT-Network', 2), ('ToN-IoT-Network', 3), ('ToN-IoT-Network', 4), ('ToN-IoT-Network', 5), ('ToN-IoT-Network', 6), ('ToN-IoT-Network', 7), ('ToN-IoT-Network', 8), ('UNSW-NB15', 0), ('UNSW-NB15', 1), ('UNSW-NB15', 2), ('UNSW-NB15', 3), ('UNSW-NB15', 6), ('UNSW-NB15', 9)]
=== analytic baseline ToN-IoT-Network seed=9 ===
C:\Users\MMASSAOUDI\AppData\Roaming\Python\Python313\site-packages\sklearn\impute\_base.py:641: UserWarning: Skipping features without any observed values: ['ssl_issuer' 'ssl_subject']. At least one non-missing value is needed for imputation with strategy='most_frequent'.
  warnings.warn(
C:\Users\MMASSAOUDI\AppData\Roaming\Python\Python313\site-packages\sklearn\impute\_base.py:641: UserWarning: Skipping features without any observed values: ['ssl_issuer' 'ssl_subject']. At least one non-missing value is needed for imputation with strategy='most_frequent'.
  warnings.warn(
C:\Users\MMASSAOUDI\AppData\Roaming\Python\Python313\site-packages\sklearn\impute\_base.py:641: UserWarning: Skipping features without any observed values: ['ssl_issuer' 'ssl_subject']. At least one non-missing value is needed for imputation with strategy='most_frequent'.
  warnings.warn(
C:\Users\MMASSAOUDI\AppData\Roaming\Python\Python313\site-packages\sklearn\impute\_base.py:641: UserWarning: Skipping features without any observed values: ['ssl_issuer' 'ssl_subject']. At least one non-missing value is needed for imputation with strategy='most_frequent'.
  warnings.warn(
C:\Users\MMASSAOUDI\AppData\Roaming\Python\Python313\site-packages\sklearn\linear_model\_logistic.py:406: ConvergenceWarning: lbfgs failed to converge after 200 iteration(s) (status=1):
STOP: TOTAL NO. OF ITERATIONS REACHED LIMIT

Increase the number of iterations to improve the convergence (max_iter=200).
You might also want to scale the data as shown in:
    https://scikit-learn.org/stable/modules/preprocessing.html
Please also refer to the documentation for alternative solver options:
    https://scikit-learn.org/stable/modules/linear_model.html#logistic-regression
  n_iter_i = _check_optimize_result(
C:\Users\MMASSAOUDI\AppData\Roaming\Python\Python313\site-packages\sklearn\utils\validation.py:2691: UserWarning: X does not have valid feature names, but LGBMClassifier was fitted with feature names
  warnings.warn(
C:\Users\MMASSAOUDI\AppData\Roaming\Python\Python313\site-packages\sklearn\utils\validation.py:2691: UserWarning: X does not have valid feature names, but LGBMClassifier was fitted with feature names
  warnings.warn(
C:\Users\MMASSAOUDI\AppData\Roaming\Python\Python313\site-packages\sklearn\utils\validation.py:2691: UserWarning: X does not have valid feature names, but LGBMClassifier was fitted with feature names
  warnings.warn(
C:\Users\MMASSAOUDI\AppData\Roaming\Python\Python313\site-packages\sklearn\utils\validation.py:2691: UserWarning: X does not have valid feature names, but LGBMClassifier was fitted with feature names
  warnings.warn(
  test macro_f1=0.9987 isolation_rate=0.000 commit_rate=0.999
Saved results/csv/aegis_analytic_baseline.csv
=== driver: CICIoT2023 seed=0 ===
Resuming: 16 (dataset, seed) pairs already complete: [('ToN-IoT-Network', 0), ('ToN-IoT-Network', 1), ('ToN-IoT-Network', 2), ('ToN-IoT-Network', 3), ('ToN-IoT-Network', 4), ('ToN-IoT-Network', 5), ('ToN-IoT-Network', 6), ('ToN-IoT-Network', 7), ('ToN-IoT-Network', 8), ('ToN-IoT-Network', 9), ('UNSW-NB15', 0), ('UNSW-NB15', 1), ('UNSW-NB15', 2), ('UNSW-NB15', 3), ('UNSW-NB15', 6), ('UNSW-NB15', 9)]
=== analytic baseline CICIoT2023 seed=0 ===
C:\Users\MMASSAOUDI\AppData\Roaming\Python\Python313\site-packages\sklearn\linear_model\_logistic.py:406: ConvergenceWarning: lbfgs failed to converge after 200 iteration(s) (status=1):
STOP: TOTAL NO. OF ITERATIONS REACHED LIMIT

Increase the number of iterations to improve the convergence (max_iter=200).
You might also want to scale the data as shown in:
    https://scikit-learn.org/stable/modules/preprocessing.html
Please also refer to the documentation for alternative solver options:
    https://scikit-learn.org/stable/modules/linear_model.html#logistic-regression
  n_iter_i = _check_optimize_result(
C:\Users\MMASSAOUDI\AppData\Roaming\Python\Python313\site-packages\sklearn\utils\validation.py:2691: UserWarning: X does not have valid feature names, but LGBMClassifier was fitted with feature names
  warnings.warn(
C:\Users\MMASSAOUDI\Desktop\research work\Alienware\Innovative paper 2\code\experiments\..\aegis\..\aegis\..\baselines\deep_baselines.py:32: UserWarning: The given NumPy array is not writable, and PyTorch does not support non-writable tensors. This means writing to this tensor will result in undefined behavior. You may want to copy the array to protect its data or make it writable before converting it to a tensor. This type of warning will be suppressed for the rest of this program. (Triggered internally at C:\actions-runner\_work\pytorch\pytorch\torch\csrc\utils\tensor_numpy.cpp:219.)
  self.X = torch.as_tensor(X, dtype=torch.float32)
C:\Users\MMASSAOUDI\AppData\Roaming\Python\Python313\site-packages\sklearn\utils\validation.py:2691: UserWarning: X does not have valid feature names, but LGBMClassifier was fitted with feature names
  warnings.warn(
C:\Users\MMASSAOUDI\AppData\Roaming\Python\Python313\site-packages\sklearn\utils\validation.py:2691: UserWarning: X does not have valid feature names, but LGBMClassifier was fitted with feature names
  warnings.warn(
C:\Users\MMASSAOUDI\AppData\Roaming\Python\Python313\site-packages\sklearn\utils\validation.py:2691: UserWarning: X does not have valid feature names, but LGBMClassifier was fitted with feature names
  warnings.warn(
  test macro_f1=0.9726 isolation_rate=0.000 commit_rate=0.991
Saved results/csv/aegis_analytic_baseline.csv
=== driver: CICIoT2023 seed=1 ===
Resuming: 17 (dataset, seed) pairs already complete: [('CICIoT2023', 0), ('ToN-IoT-Network', 0), ('ToN-IoT-Network', 1), ('ToN-IoT-Network', 2), ('ToN-IoT-Network', 3), ('ToN-IoT-Network', 4), ('ToN-IoT-Network', 5), ('ToN-IoT-Network', 6), ('ToN-IoT-Network', 7), ('ToN-IoT-Network', 8), ('ToN-IoT-Network', 9), ('UNSW-NB15', 0), ('UNSW-NB15', 1), ('UNSW-NB15', 2), ('UNSW-NB15', 3), ('UNSW-NB15', 6), ('UNSW-NB15', 9)]
=== analytic baseline CICIoT2023 seed=1 ===
C:\Users\MMASSAOUDI\AppData\Roaming\Python\Python313\site-packages\sklearn\linear_model\_logistic.py:406: ConvergenceWarning: lbfgs failed to converge after 200 iteration(s) (status=1):
STOP: TOTAL NO. OF ITERATIONS REACHED LIMIT

Increase the number of iterations to improve the convergence (max_iter=200).
You might also want to scale the data as shown in:
    https://scikit-learn.org/stable/modules/preprocessing.html
Please also refer to the documentation for alternative solver options:
    https://scikit-learn.org/stable/modules/linear_model.html#logistic-regression
  n_iter_i = _check_optimize_result(
C:\Users\MMASSAOUDI\AppData\Roaming\Python\Python313\site-packages\sklearn\utils\validation.py:2691: UserWarning: X does not have valid feature names, but LGBMClassifier was fitted with feature names
  warnings.warn(
C:\Users\MMASSAOUDI\Desktop\research work\Alienware\Innovative paper 2\code\experiments\..\aegis\..\aegis\..\baselines\deep_baselines.py:32: UserWarning: The given NumPy array is not writable, and PyTorch does not support non-writable tensors. This means writing to this tensor will result in undefined behavior. You may want to copy the array to protect its data or make it writable before converting it to a tensor. This type of warning will be suppressed for the rest of this program. (Triggered internally at C:\actions-runner\_work\pytorch\pytorch\torch\csrc\utils\tensor_numpy.cpp:219.)
  self.X = torch.as_tensor(X, dtype=torch.float32)
C:\Users\MMASSAOUDI\AppData\Roaming\Python\Python313\site-packages\sklearn\utils\validation.py:2691: UserWarning: X does not have valid feature names, but LGBMClassifier was fitted with feature names
  warnings.warn(
C:\Users\MMASSAOUDI\AppData\Roaming\Python\Python313\site-packages\sklearn\utils\validation.py:2691: UserWarning: X does not have valid feature names, but LGBMClassifier was fitted with feature names
  warnings.warn(
C:\Users\MMASSAOUDI\AppData\Roaming\Python\Python313\site-packages\sklearn\utils\validation.py:2691: UserWarning: X does not have valid feature names, but LGBMClassifier was fitted with feature names
  warnings.warn(
  test macro_f1=0.9692 isolation_rate=0.000 commit_rate=0.994
Saved results/csv/aegis_analytic_baseline.csv
=== driver: CICIoT2023 seed=2 ===
Resuming: 18 (dataset, seed) pairs already complete: [('CICIoT2023', 0), ('CICIoT2023', 1), ('ToN-IoT-Network', 0), ('ToN-IoT-Network', 1), ('ToN-IoT-Network', 2), ('ToN-IoT-Network', 3), ('ToN-IoT-Network', 4), ('ToN-IoT-Network', 5), ('ToN-IoT-Network', 6), ('ToN-IoT-Network', 7), ('ToN-IoT-Network', 8), ('ToN-IoT-Network', 9), ('UNSW-NB15', 0), ('UNSW-NB15', 1), ('UNSW-NB15', 2), ('UNSW-NB15', 3), ('UNSW-NB15', 6), ('UNSW-NB15', 9)]
=== analytic baseline CICIoT2023 seed=2 ===
C:\Users\MMASSAOUDI\AppData\Roaming\Python\Python313\site-packages\sklearn\linear_model\_logistic.py:406: ConvergenceWarning: lbfgs failed to converge after 200 iteration(s) (status=1):
STOP: TOTAL NO. OF ITERATIONS REACHED LIMIT

Increase the number of iterations to improve the convergence (max_iter=200).
You might also want to scale the data as shown in:
    https://scikit-learn.org/stable/modules/preprocessing.html
Please also refer to the documentation for alternative solver options:
    https://scikit-learn.org/stable/modules/linear_model.html#logistic-regression
  n_iter_i = _check_optimize_result(
C:\Users\MMASSAOUDI\AppData\Roaming\Python\Python313\site-packages\sklearn\utils\validation.py:2691: UserWarning: X does not have valid feature names, but LGBMClassifier was fitted with feature names
  warnings.warn(
C:\Users\MMASSAOUDI\Desktop\research work\Alienware\Innovative paper 2\code\experiments\..\aegis\..\aegis\..\baselines\deep_baselines.py:32: UserWarning: The given NumPy array is not writable, and PyTorch does not support non-writable tensors. This means writing to this tensor will result in undefined behavior. You may want to copy the array to protect its data or make it writable before converting it to a tensor. This type of warning will be suppressed for the rest of this program. (Triggered internally at C:\actions-runner\_work\pytorch\pytorch\torch\csrc\utils\tensor_numpy.cpp:219.)
  self.X = torch.as_tensor(X, dtype=torch.float32)
C:\Users\MMASSAOUDI\AppData\Roaming\Python\Python313\site-packages\sklearn\utils\validation.py:2691: UserWarning: X does not have valid feature names, but LGBMClassifier was fitted with feature names
  warnings.warn(
C:\Users\MMASSAOUDI\AppData\Roaming\Python\Python313\site-packages\sklearn\utils\validation.py:2691: UserWarning: X does not have valid feature names, but LGBMClassifier was fitted with feature names
  warnings.warn(
C:\Users\MMASSAOUDI\AppData\Roaming\Python\Python313\site-packages\sklearn\utils\validation.py:2691: UserWarning: X does not have valid feature names, but LGBMClassifier was fitted with feature names
  warnings.warn(
  test macro_f1=0.9722 isolation_rate=0.000 commit_rate=0.994
Saved results/csv/aegis_analytic_baseline.csv
=== driver: CICIoT2023 seed=3 ===
Resuming: 19 (dataset, seed) pairs already complete: [('CICIoT2023', 0), ('CICIoT2023', 1), ('CICIoT2023', 2), ('ToN-IoT-Network', 0), ('ToN-IoT-Network', 1), ('ToN-IoT-Network', 2), ('ToN-IoT-Network', 3), ('ToN-IoT-Network', 4), ('ToN-IoT-Network', 5), ('ToN-IoT-Network', 6), ('ToN-IoT-Network', 7), ('ToN-IoT-Network', 8), ('ToN-IoT-Network', 9), ('UNSW-NB15', 0), ('UNSW-NB15', 1), ('UNSW-NB15', 2), ('UNSW-NB15', 3), ('UNSW-NB15', 6), ('UNSW-NB15', 9)]
=== analytic baseline CICIoT2023 seed=3 ===
C:\Users\MMASSAOUDI\AppData\Roaming\Python\Python313\site-packages\sklearn\linear_model\_logistic.py:406: ConvergenceWarning: lbfgs failed to converge after 200 iteration(s) (status=1):
STOP: TOTAL NO. OF ITERATIONS REACHED LIMIT

Increase the number of iterations to improve the convergence (max_iter=200).
You might also want to scale the data as shown in:
    https://scikit-learn.org/stable/modules/preprocessing.html
Please also refer to the documentation for alternative solver options:
    https://scikit-learn.org/stable/modules/linear_model.html#logistic-regression
  n_iter_i = _check_optimize_result(
C:\Users\MMASSAOUDI\AppData\Roaming\Python\Python313\site-packages\sklearn\utils\validation.py:2691: UserWarning: X does not have valid feature names, but LGBMClassifier was fitted with feature names
  warnings.warn(
C:\Users\MMASSAOUDI\Desktop\research work\Alienware\Innovative paper 2\code\experiments\..\aegis\..\aegis\..\baselines\deep_baselines.py:32: UserWarning: The given NumPy array is not writable, and PyTorch does not support non-writable tensors. This means writing to this tensor will result in undefined behavior. You may want to copy the array to protect its data or make it writable before converting it to a tensor. This type of warning will be suppressed for the rest of this program. (Triggered internally at C:\actions-runner\_work\pytorch\pytorch\torch\csrc\utils\tensor_numpy.cpp:219.)
  self.X = torch.as_tensor(X, dtype=torch.float32)
C:\Users\MMASSAOUDI\AppData\Roaming\Python\Python313\site-packages\sklearn\utils\validation.py:2691: UserWarning: X does not have valid feature names, but LGBMClassifier was fitted with feature names
  warnings.warn(
C:\Users\MMASSAOUDI\AppData\Roaming\Python\Python313\site-packages\sklearn\utils\validation.py:2691: UserWarning: X does not have valid feature names, but LGBMClassifier was fitted with feature names
  warnings.warn(
C:\Users\MMASSAOUDI\AppData\Roaming\Python\Python313\site-packages\sklearn\utils\validation.py:2691: UserWarning: X does not have valid feature names, but LGBMClassifier was fitted with feature names
  warnings.warn(
  test macro_f1=0.9715 isolation_rate=0.000 commit_rate=0.993
Saved results/csv/aegis_analytic_baseline.csv
=== driver: CICIoT2023 seed=4 ===
Resuming: 20 (dataset, seed) pairs already complete: [('CICIoT2023', 0), ('CICIoT2023', 1), ('CICIoT2023', 2), ('CICIoT2023', 3), ('ToN-IoT-Network', 0), ('ToN-IoT-Network', 1), ('ToN-IoT-Network', 2), ('ToN-IoT-Network', 3), ('ToN-IoT-Network', 4), ('ToN-IoT-Network', 5), ('ToN-IoT-Network', 6), ('ToN-IoT-Network', 7), ('ToN-IoT-Network', 8), ('ToN-IoT-Network', 9), ('UNSW-NB15', 0), ('UNSW-NB15', 1), ('UNSW-NB15', 2), ('UNSW-NB15', 3), ('UNSW-NB15', 6), ('UNSW-NB15', 9)]
=== analytic baseline CICIoT2023 seed=4 ===
C:\Users\MMASSAOUDI\AppData\Roaming\Python\Python313\site-packages\sklearn\linear_model\_logistic.py:406: ConvergenceWarning: lbfgs failed to converge after 200 iteration(s) (status=1):
STOP: TOTAL NO. OF ITERATIONS REACHED LIMIT

Increase the number of iterations to improve the convergence (max_iter=200).
You might also want to scale the data as shown in:
    https://scikit-learn.org/stable/modules/preprocessing.html
Please also refer to the documentation for alternative solver options:
    https://scikit-learn.org/stable/modules/linear_model.html#logistic-regression
  n_iter_i = _check_optimize_result(
C:\Users\MMASSAOUDI\AppData\Roaming\Python\Python313\site-packages\sklearn\utils\validation.py:2691: UserWarning: X does not have valid feature names, but LGBMClassifier was fitted with feature names
  warnings.warn(
C:\Users\MMASSAOUDI\Desktop\research work\Alienware\Innovative paper 2\code\experiments\..\aegis\..\aegis\..\baselines\deep_baselines.py:32: UserWarning: The given NumPy array is not writable, and PyTorch does not support non-writable tensors. This means writing to this tensor will result in undefined behavior. You may want to copy the array to protect its data or make it writable before converting it to a tensor. This type of warning will be suppressed for the rest of this program. (Triggered internally at C:\actions-runner\_work\pytorch\pytorch\torch\csrc\utils\tensor_numpy.cpp:219.)
  self.X = torch.as_tensor(X, dtype=torch.float32)
C:\Users\MMASSAOUDI\AppData\Roaming\Python\Python313\site-packages\sklearn\utils\validation.py:2691: UserWarning: X does not have valid feature names, but LGBMClassifier was fitted with feature names
  warnings.warn(
C:\Users\MMASSAOUDI\AppData\Roaming\Python\Python313\site-packages\sklearn\utils\validation.py:2691: UserWarning: X does not have valid feature names, but LGBMClassifier was fitted with feature names
  warnings.warn(
C:\Users\MMASSAOUDI\AppData\Roaming\Python\Python313\site-packages\sklearn\utils\validation.py:2691: UserWarning: X does not have valid feature names, but LGBMClassifier was fitted with feature names
  warnings.warn(
  test macro_f1=0.9687 isolation_rate=0.000 commit_rate=0.995
Saved results/csv/aegis_analytic_baseline.csv
=== driver: CICIoT2023 seed=5 ===
Resuming: 21 (dataset, seed) pairs already complete: [('CICIoT2023', 0), ('CICIoT2023', 1), ('CICIoT2023', 2), ('CICIoT2023', 3), ('CICIoT2023', 4), ('ToN-IoT-Network', 0), ('ToN-IoT-Network', 1), ('ToN-IoT-Network', 2), ('ToN-IoT-Network', 3), ('ToN-IoT-Network', 4), ('ToN-IoT-Network', 5), ('ToN-IoT-Network', 6), ('ToN-IoT-Network', 7), ('ToN-IoT-Network', 8), ('ToN-IoT-Network', 9), ('UNSW-NB15', 0), ('UNSW-NB15', 1), ('UNSW-NB15', 2), ('UNSW-NB15', 3), ('UNSW-NB15', 6), ('UNSW-NB15', 9)]
=== analytic baseline CICIoT2023 seed=5 ===
C:\Users\MMASSAOUDI\AppData\Roaming\Python\Python313\site-packages\sklearn\linear_model\_logistic.py:406: ConvergenceWarning: lbfgs failed to converge after 200 iteration(s) (status=1):
STOP: TOTAL NO. OF ITERATIONS REACHED LIMIT

Increase the number of iterations to improve the convergence (max_iter=200).
You might also want to scale the data as shown in:
    https://scikit-learn.org/stable/modules/preprocessing.html
Please also refer to the documentation for alternative solver options:
    https://scikit-learn.org/stable/modules/linear_model.html#logistic-regression
  n_iter_i = _check_optimize_result(
C:\Users\MMASSAOUDI\AppData\Roaming\Python\Python313\site-packages\sklearn\utils\validation.py:2691: UserWarning: X does not have valid feature names, but LGBMClassifier was fitted with feature names
  warnings.warn(
C:\Users\MMASSAOUDI\Desktop\research work\Alienware\Innovative paper 2\code\experiments\..\aegis\..\aegis\..\baselines\deep_baselines.py:32: UserWarning: The given NumPy array is not writable, and PyTorch does not support non-writable tensors. This means writing to this tensor will result in undefined behavior. You may want to copy the array to protect its data or make it writable before converting it to a tensor. This type of warning will be suppressed for the rest of this program. (Triggered internally at C:\actions-runner\_work\pytorch\pytorch\torch\csrc\utils\tensor_numpy.cpp:219.)
  self.X = torch.as_tensor(X, dtype=torch.float32)
C:\Users\MMASSAOUDI\AppData\Roaming\Python\Python313\site-packages\sklearn\utils\validation.py:2691: UserWarning: X does not have valid feature names, but LGBMClassifier was fitted with feature names
  warnings.warn(
C:\Users\MMASSAOUDI\AppData\Roaming\Python\Python313\site-packages\sklearn\utils\validation.py:2691: UserWarning: X does not have valid feature names, but LGBMClassifier was fitted with feature names
  warnings.warn(
C:\Users\MMASSAOUDI\AppData\Roaming\Python\Python313\site-packages\sklearn\utils\validation.py:2691: UserWarning: X does not have valid feature names, but LGBMClassifier was fitted with feature names
  warnings.warn(
  test macro_f1=0.9670 isolation_rate=0.000 commit_rate=0.991
Saved results/csv/aegis_analytic_baseline.csv
=== driver: CICIoT2023 seed=6 ===
Resuming: 22 (dataset, seed) pairs already complete: [('CICIoT2023', 0), ('CICIoT2023', 1), ('CICIoT2023', 2), ('CICIoT2023', 3), ('CICIoT2023', 4), ('CICIoT2023', 5), ('ToN-IoT-Network', 0), ('ToN-IoT-Network', 1), ('ToN-IoT-Network', 2), ('ToN-IoT-Network', 3), ('ToN-IoT-Network', 4), ('ToN-IoT-Network', 5), ('ToN-IoT-Network', 6), ('ToN-IoT-Network', 7), ('ToN-IoT-Network', 8), ('ToN-IoT-Network', 9), ('UNSW-NB15', 0), ('UNSW-NB15', 1), ('UNSW-NB15', 2), ('UNSW-NB15', 3), ('UNSW-NB15', 6), ('UNSW-NB15', 9)]
=== analytic baseline CICIoT2023 seed=6 ===
C:\Users\MMASSAOUDI\AppData\Roaming\Python\Python313\site-packages\sklearn\linear_model\_logistic.py:406: ConvergenceWarning: lbfgs failed to converge after 200 iteration(s) (status=1):
STOP: TOTAL NO. OF ITERATIONS REACHED LIMIT

Increase the number of iterations to improve the convergence (max_iter=200).
You might also want to scale the data as shown in:
    https://scikit-learn.org/stable/modules/preprocessing.html
Please also refer to the documentation for alternative solver options:
    https://scikit-learn.org/stable/modules/linear_model.html#logistic-regression
  n_iter_i = _check_optimize_result(
C:\Users\MMASSAOUDI\AppData\Roaming\Python\Python313\site-packages\sklearn\utils\validation.py:2691: UserWarning: X does not have valid feature names, but LGBMClassifier was fitted with feature names
  warnings.warn(
C:\Users\MMASSAOUDI\Desktop\research work\Alienware\Innovative paper 2\code\experiments\..\aegis\..\aegis\..\baselines\deep_baselines.py:32: UserWarning: The given NumPy array is not writable, and PyTorch does not support non-writable tensors. This means writing to this tensor will result in undefined behavior. You may want to copy the array to protect its data or make it writable before converting it to a tensor. This type of warning will be suppressed for the rest of this program. (Triggered internally at C:\actions-runner\_work\pytorch\pytorch\torch\csrc\utils\tensor_numpy.cpp:219.)
  self.X = torch.as_tensor(X, dtype=torch.float32)
C:\Users\MMASSAOUDI\AppData\Roaming\Python\Python313\site-packages\sklearn\utils\validation.py:2691: UserWarning: X does not have valid feature names, but LGBMClassifier was fitted with feature names
  warnings.warn(
C:\Users\MMASSAOUDI\AppData\Roaming\Python\Python313\site-packages\sklearn\utils\validation.py:2691: UserWarning: X does not have valid feature names, but LGBMClassifier was fitted with feature names
  warnings.warn(
C:\Users\MMASSAOUDI\AppData\Roaming\Python\Python313\site-packages\sklearn\utils\validation.py:2691: UserWarning: X does not have valid feature names, but LGBMClassifier was fitted with feature names
  warnings.warn(
  test macro_f1=0.9742 isolation_rate=0.000 commit_rate=0.993
Saved results/csv/aegis_analytic_baseline.csv
=== driver: CICIoT2023 seed=7 ===
Resuming: 23 (dataset, seed) pairs already complete: [('CICIoT2023', 0), ('CICIoT2023', 1), ('CICIoT2023', 2), ('CICIoT2023', 3), ('CICIoT2023', 4), ('CICIoT2023', 5), ('CICIoT2023', 6), ('ToN-IoT-Network', 0), ('ToN-IoT-Network', 1), ('ToN-IoT-Network', 2), ('ToN-IoT-Network', 3), ('ToN-IoT-Network', 4), ('ToN-IoT-Network', 5), ('ToN-IoT-Network', 6), ('ToN-IoT-Network', 7), ('ToN-IoT-Network', 8), ('ToN-IoT-Network', 9), ('UNSW-NB15', 0), ('UNSW-NB15', 1), ('UNSW-NB15', 2), ('UNSW-NB15', 3), ('UNSW-NB15', 6), ('UNSW-NB15', 9)]
=== analytic baseline CICIoT2023 seed=7 ===
C:\Users\MMASSAOUDI\AppData\Roaming\Python\Python313\site-packages\sklearn\linear_model\_logistic.py:406: ConvergenceWarning: lbfgs failed to converge after 200 iteration(s) (status=1):
STOP: TOTAL NO. OF ITERATIONS REACHED LIMIT

Increase the number of iterations to improve the convergence (max_iter=200).
You might also want to scale the data as shown in:
    https://scikit-learn.org/stable/modules/preprocessing.html
Please also refer to the documentation for alternative solver options:
    https://scikit-learn.org/stable/modules/linear_model.html#logistic-regression
  n_iter_i = _check_optimize_result(
C:\Users\MMASSAOUDI\AppData\Roaming\Python\Python313\site-packages\sklearn\utils\validation.py:2691: UserWarning: X does not have valid feature names, but LGBMClassifier was fitted with feature names
  warnings.warn(
C:\Users\MMASSAOUDI\Desktop\research work\Alienware\Innovative paper 2\code\experiments\..\aegis\..\aegis\..\baselines\deep_baselines.py:32: UserWarning: The given NumPy array is not writable, and PyTorch does not support non-writable tensors. This means writing to this tensor will result in undefined behavior. You may want to copy the array to protect its data or make it writable before converting it to a tensor. This type of warning will be suppressed for the rest of this program. (Triggered internally at C:\actions-runner\_work\pytorch\pytorch\torch\csrc\utils\tensor_numpy.cpp:219.)
  self.X = torch.as_tensor(X, dtype=torch.float32)
C:\Users\MMASSAOUDI\AppData\Roaming\Python\Python313\site-packages\sklearn\utils\validation.py:2691: UserWarning: X does not have valid feature names, but LGBMClassifier was fitted with feature names
  warnings.warn(
C:\Users\MMASSAOUDI\AppData\Roaming\Python\Python313\site-packages\sklearn\utils\validation.py:2691: UserWarning: X does not have valid feature names, but LGBMClassifier was fitted with feature names
  warnings.warn(
C:\Users\MMASSAOUDI\AppData\Roaming\Python\Python313\site-packages\sklearn\utils\validation.py:2691: UserWarning: X does not have valid feature names, but LGBMClassifier was fitted with feature names
  warnings.warn(
  test macro_f1=0.9708 isolation_rate=0.000 commit_rate=0.996
Saved results/csv/aegis_analytic_baseline.csv
=== driver: CICIoT2023 seed=8 ===
Resuming: 24 (dataset, seed) pairs already complete: [('CICIoT2023', 0), ('CICIoT2023', 1), ('CICIoT2023', 2), ('CICIoT2023', 3), ('CICIoT2023', 4), ('CICIoT2023', 5), ('CICIoT2023', 6), ('CICIoT2023', 7), ('ToN-IoT-Network', 0), ('ToN-IoT-Network', 1), ('ToN-IoT-Network', 2), ('ToN-IoT-Network', 3), ('ToN-IoT-Network', 4), ('ToN-IoT-Network', 5), ('ToN-IoT-Network', 6), ('ToN-IoT-Network', 7), ('ToN-IoT-Network', 8), ('ToN-IoT-Network', 9), ('UNSW-NB15', 0), ('UNSW-NB15', 1), ('UNSW-NB15', 2), ('UNSW-NB15', 3), ('UNSW-NB15', 6), ('UNSW-NB15', 9)]
=== analytic baseline CICIoT2023 seed=8 ===
C:\Users\MMASSAOUDI\AppData\Roaming\Python\Python313\site-packages\sklearn\linear_model\_logistic.py:406: ConvergenceWarning: lbfgs failed to converge after 200 iteration(s) (status=1):
STOP: TOTAL NO. OF ITERATIONS REACHED LIMIT

Increase the number of iterations to improve the convergence (max_iter=200).
You might also want to scale the data as shown in:
    https://scikit-learn.org/stable/modules/preprocessing.html
Please also refer to the documentation for alternative solver options:
    https://scikit-learn.org/stable/modules/linear_model.html#logistic-regression
  n_iter_i = _check_optimize_result(
C:\Users\MMASSAOUDI\AppData\Roaming\Python\Python313\site-packages\sklearn\utils\validation.py:2691: UserWarning: X does not have valid feature names, but LGBMClassifier was fitted with feature names
  warnings.warn(
C:\Users\MMASSAOUDI\Desktop\research work\Alienware\Innovative paper 2\code\experiments\..\aegis\..\aegis\..\baselines\deep_baselines.py:32: UserWarning: The given NumPy array is not writable, and PyTorch does not support non-writable tensors. This means writing to this tensor will result in undefined behavior. You may want to copy the array to protect its data or make it writable before converting it to a tensor. This type of warning will be suppressed for the rest of this program. (Triggered internally at C:\actions-runner\_work\pytorch\pytorch\torch\csrc\utils\tensor_numpy.cpp:219.)
  self.X = torch.as_tensor(X, dtype=torch.float32)
C:\Users\MMASSAOUDI\AppData\Roaming\Python\Python313\site-packages\sklearn\utils\validation.py:2691: UserWarning: X does not have valid feature names, but LGBMClassifier was fitted with feature names
  warnings.warn(
C:\Users\MMASSAOUDI\AppData\Roaming\Python\Python313\site-packages\sklearn\utils\validation.py:2691: UserWarning: X does not have valid feature names, but LGBMClassifier was fitted with feature names
  warnings.warn(
C:\Users\MMASSAOUDI\AppData\Roaming\Python\Python313\site-packages\sklearn\utils\validation.py:2691: UserWarning: X does not have valid feature names, but LGBMClassifier was fitted with feature names
  warnings.warn(
  test macro_f1=0.9748 isolation_rate=0.000 commit_rate=0.994
Saved results/csv/aegis_analytic_baseline.csv
=== driver: CICIoT2023 seed=9 ===
Resuming: 25 (dataset, seed) pairs already complete: [('CICIoT2023', 0), ('CICIoT2023', 1), ('CICIoT2023', 2), ('CICIoT2023', 3), ('CICIoT2023', 4), ('CICIoT2023', 5), ('CICIoT2023', 6), ('CICIoT2023', 7), ('CICIoT2023', 8), ('ToN-IoT-Network', 0), ('ToN-IoT-Network', 1), ('ToN-IoT-Network', 2), ('ToN-IoT-Network', 3), ('ToN-IoT-Network', 4), ('ToN-IoT-Network', 5), ('ToN-IoT-Network', 6), ('ToN-IoT-Network', 7), ('ToN-IoT-Network', 8), ('ToN-IoT-Network', 9), ('UNSW-NB15', 0), ('UNSW-NB15', 1), ('UNSW-NB15', 2), ('UNSW-NB15', 3), ('UNSW-NB15', 6), ('UNSW-NB15', 9)]
=== analytic baseline CICIoT2023 seed=9 ===
C:\Users\MMASSAOUDI\AppData\Roaming\Python\Python313\site-packages\sklearn\linear_model\_logistic.py:406: ConvergenceWarning: lbfgs failed to converge after 200 iteration(s) (status=1):
STOP: TOTAL NO. OF ITERATIONS REACHED LIMIT

Increase the number of iterations to improve the convergence (max_iter=200).
You might also want to scale the data as shown in:
    https://scikit-learn.org/stable/modules/preprocessing.html
Please also refer to the documentation for alternative solver options:
    https://scikit-learn.org/stable/modules/linear_model.html#logistic-regression
  n_iter_i = _check_optimize_result(
C:\Users\MMASSAOUDI\AppData\Roaming\Python\Python313\site-packages\sklearn\utils\validation.py:2691: UserWarning: X does not have valid feature names, but LGBMClassifier was fitted with feature names
  warnings.warn(
C:\Users\MMASSAOUDI\Desktop\research work\Alienware\Innovative paper 2\code\experiments\..\aegis\..\aegis\..\baselines\deep_baselines.py:32: UserWarning: The given NumPy array is not writable, and PyTorch does not support non-writable tensors. This means writing to this tensor will result in undefined behavior. You may want to copy the array to protect its data or make it writable before converting it to a tensor. This type of warning will be suppressed for the rest of this program. (Triggered internally at C:\actions-runner\_work\pytorch\pytorch\torch\csrc\utils\tensor_numpy.cpp:219.)
  self.X = torch.as_tensor(X, dtype=torch.float32)
C:\Users\MMASSAOUDI\AppData\Roaming\Python\Python313\site-packages\sklearn\utils\validation.py:2691: UserWarning: X does not have valid feature names, but LGBMClassifier was fitted with feature names
  warnings.warn(
C:\Users\MMASSAOUDI\AppData\Roaming\Python\Python313\site-packages\sklearn\utils\validation.py:2691: UserWarning: X does not have valid feature names, but LGBMClassifier was fitted with feature names
  warnings.warn(
C:\Users\MMASSAOUDI\AppData\Roaming\Python\Python313\site-packages\sklearn\utils\validation.py:2691: UserWarning: X does not have valid feature names, but LGBMClassifier was fitted with feature names
  warnings.warn(
  test macro_f1=0.9696 isolation_rate=0.000 commit_rate=0.992
Saved results/csv/aegis_analytic_baseline.csv
DRIVER DONE
