=== analytic baseline UNSW-NB15 seed=0 ===
C:\Users\MMASSAOUDI\AppData\Roaming\Python\Python313\site-packages\sklearn\linear_model\_logistic.py:406: ConvergenceWarning: lbfgs failed to converge after 200 iteration(s) (status=1):
STOP: TOTAL NO. OF ITERATIONS REACHED LIMIT

Increase the number of iterations to improve the convergence (max_iter=200).
You might also want to scale the data as shown in:
    https://scikit-learn.org/stable/modules/preprocessing.html
Please also refer to the documentation for alternative solver options:
    https://scikit-learn.org/stable/modules/linear_model.html#logistic-regression
  n_iter_i = _check_optimize_result(
C:\Users\MMASSAOUDI\AppData\Roaming\Python\Python313\site-packages\sklearn\utils\validation.py:2691: UserWarning: X does not have valid feature names, but LGBMClassifier was fitted with feature names
  warnings.warn(
C:\Users\MMASSAOUDI\AppData\Roaming\Python\Python313\site-packages\sklearn\utils\validation.py:2691: UserWarning: X does not have valid feature names, but LGBMClassifier was fitted with feature names
  warnings.warn(
C:\Users\MMASSAOUDI\AppData\Roaming\Python\Python313\site-packages\sklearn\utils\validation.py:2691: UserWarning: X does not have valid feature names, but LGBMClassifier was fitted with feature names
  warnings.warn(
C:\Users\MMASSAOUDI\AppData\Roaming\Python\Python313\site-packages\sklearn\utils\validation.py:2691: UserWarning: X does not have valid feature names, but LGBMClassifier was fitted with feature names
  warnings.warn(
  test macro_f1=0.9671 isolation_rate=0.000 commit_rate=0.895
=== analytic baseline UNSW-NB15 seed=1 ===
C:\Users\MMASSAOUDI\AppData\Roaming\Python\Python313\site-packages\sklearn\linear_model\_logistic.py:406: ConvergenceWarning: lbfgs failed to converge after 200 iteration(s) (status=1):
STOP: TOTAL NO. OF ITERATIONS REACHED LIMIT

Increase the number of iterations to improve the convergence (max_iter=200).
You might also want to scale the data as shown in:
    https://scikit-learn.org/stable/modules/preprocessing.html
Please also refer to the documentation for alternative solver options:
    https://scikit-learn.org/stable/modules/linear_model.html#logistic-regression
  n_iter_i = _check_optimize_result(
  ERROR: Unable to allocate 3.36 MiB for an array with shape (21000, 42) and data type float32
=== analytic baseline UNSW-NB15 seed=2 ===
  ERROR: Error tokenizing data. C error: out of memory
=== analytic baseline UNSW-NB15 seed=3 ===
  ERROR: Error tokenizing data. C error: out of memory
=== analytic baseline UNSW-NB15 seed=4 ===
  ERROR: Unable to allocate 1.34 MiB for an array with shape (175341,) and data type int64
=== analytic baseline UNSW-NB15 seed=5 ===
  ERROR: Error tokenizing data. C error: out of memory
=== analytic baseline UNSW-NB15 seed=6 ===
  ERROR: Error tokenizing data. C error: out of memory
=== analytic baseline UNSW-NB15 seed=7 ===
  ERROR: Unable to allocate 31.5 MiB for an array with shape (16, 257673) and data type int64
=== analytic baseline UNSW-NB15 seed=8 ===
  ERROR: Error tokenizing data. C error: out of memory
=== analytic baseline UNSW-NB15 seed=9 ===
  ERROR: Error tokenizing data. C error: out of memory
=== analytic baseline ToN-IoT-Network seed=0 ===
C:\Users\MMASSAOUDI\AppData\Roaming\Python\Python313\site-packages\sklearn\linear_model\_logistic.py:406: ConvergenceWarning: lbfgs failed to converge after 200 iteration(s) (status=1):
STOP: TOTAL NO. OF ITERATIONS REACHED LIMIT

Increase the number of iterations to improve the convergence (max_iter=200).
You might also want to scale the data as shown in:
    https://scikit-learn.org/stable/modules/preprocessing.html
Please also refer to the documentation for alternative solver options:
    https://scikit-learn.org/stable/modules/linear_model.html#logistic-regression
  n_iter_i = _check_optimize_result(
C:\Users\MMASSAOUDI\AppData\Roaming\Python\Python313\site-packages\sklearn\utils\validation.py:2691: UserWarning: X does not have valid feature names, but LGBMClassifier was fitted with feature names
  warnings.warn(
C:\Users\MMASSAOUDI\AppData\Roaming\Python\Python313\site-packages\sklearn\utils\validation.py:2691: UserWarning: X does not have valid feature names, but LGBMClassifier was fitted with feature names
  warnings.warn(
C:\Users\MMASSAOUDI\AppData\Roaming\Python\Python313\site-packages\sklearn\utils\validation.py:2691: UserWarning: X does not have valid feature names, but LGBMClassifier was fitted with feature names
  warnings.warn(
C:\Users\MMASSAOUDI\AppData\Roaming\Python\Python313\site-packages\sklearn\utils\validation.py:2691: UserWarning: X does not have valid feature names, but LGBMClassifier was fitted with feature names
  warnings.warn(
  test macro_f1=0.9983 isolation_rate=0.000 commit_rate=0.998
=== analytic baseline ToN-IoT-Network seed=1 ===
C:\Users\MMASSAOUDI\AppData\Roaming\Python\Python313\site-packages\sklearn\linear_model\_logistic.py:406: ConvergenceWarning: lbfgs failed to converge after 200 iteration(s) (status=1):
STOP: TOTAL NO. OF ITERATIONS REACHED LIMIT

Increase the number of iterations to improve the convergence (max_iter=200).
You might also want to scale the data as shown in:
    https://scikit-learn.org/stable/modules/preprocessing.html
Please also refer to the documentation for alternative solver options:
    https://scikit-learn.org/stable/modules/linear_model.html#logistic-regression
  n_iter_i = _check_optimize_result(
C:\Users\MMASSAOUDI\AppData\Roaming\Python\Python313\site-packages\sklearn\utils\validation.py:2691: UserWarning: X does not have valid feature names, but LGBMClassifier was fitted with feature names
  warnings.warn(
C:\Users\MMASSAOUDI\AppData\Roaming\Python\Python313\site-packages\sklearn\utils\validation.py:2691: UserWarning: X does not have valid feature names, but LGBMClassifier was fitted with feature names
  warnings.warn(
C:\Users\MMASSAOUDI\AppData\Roaming\Python\Python313\site-packages\sklearn\utils\validation.py:2691: UserWarning: X does not have valid feature names, but LGBMClassifier was fitted with feature names
  warnings.warn(
C:\Users\MMASSAOUDI\AppData\Roaming\Python\Python313\site-packages\sklearn\utils\validation.py:2691: UserWarning: X does not have valid feature names, but LGBMClassifier was fitted with feature names
  warnings.warn(
  test macro_f1=0.9982 isolation_rate=0.000 commit_rate=0.998
=== analytic baseline ToN-IoT-Network seed=2 ===
C:\Users\MMASSAOUDI\AppData\Roaming\Python\Python313\site-packages\sklearn\linear_model\_logistic.py:406: ConvergenceWarning: lbfgs failed to converge after 200 iteration(s) (status=1):
STOP: TOTAL NO. OF ITERATIONS REACHED LIMIT

Increase the number of iterations to improve the convergence (max_iter=200).
You might also want to scale the data as shown in:
    https://scikit-learn.org/stable/modules/preprocessing.html
Please also refer to the documentation for alternative solver options:
    https://scikit-learn.org/stable/modules/linear_model.html#logistic-regression
  n_iter_i = _check_optimize_result(
  ERROR: bad allocation
=== analytic baseline ToN-IoT-Network seed=3 ===
  ERROR: Unable to allocate 19.1 MiB for an array with shape (25, 100000) and data type object
=== analytic baseline ToN-IoT-Network seed=4 ===
  ERROR: Error tokenizing data. C error: out of memory
=== analytic baseline ToN-IoT-Network seed=5 ===
  ERROR: Error tokenizing data. C error: out of memory
=== analytic baseline ToN-IoT-Network seed=6 ===
  ERROR: Error tokenizing data. C error: out of memory
=== analytic baseline ToN-IoT-Network seed=7 ===
  ERROR: Error tokenizing data. C error: out of memory
=== analytic baseline ToN-IoT-Network seed=8 ===
  ERROR: Unable to allocate 19.1 MiB for an array with shape (25, 100000) and data type object
=== analytic baseline ToN-IoT-Network seed=9 ===
  ERROR: Error tokenizing data. C error: out of memory
=== analytic baseline CICIoT2023 seed=0 ===
C:\Users\MMASSAOUDI\AppData\Roaming\Python\Python313\site-packages\sklearn\linear_model\_logistic.py:406: ConvergenceWarning: lbfgs failed to converge after 200 iteration(s) (status=1):
STOP: TOTAL NO. OF ITERATIONS REACHED LIMIT

Increase the number of iterations to improve the convergence (max_iter=200).
You might also want to scale the data as shown in:
    https://scikit-learn.org/stable/modules/preprocessing.html
Please also refer to the documentation for alternative solver options:
    https://scikit-learn.org/stable/modules/linear_model.html#logistic-regression
  n_iter_i = _check_optimize_result(
C:\Users\MMASSAOUDI\AppData\Roaming\Python\Python313\site-packages\sklearn\utils\validation.py:2691: UserWarning: X does not have valid feature names, but LGBMClassifier was fitted with feature names
  warnings.warn(
C:\Users\MMASSAOUDI\Desktop\research work\Alienware\Innovative paper 2\code\experiments\..\aegis\..\aegis\..\baselines\deep_baselines.py:32: UserWarning: The given NumPy array is not writable, and PyTorch does not support non-writable tensors. This means writing to this tensor will result in undefined behavior. You may want to copy the array to protect its data or make it writable before converting it to a tensor. This type of warning will be suppressed for the rest of this program. (Triggered internally at C:\actions-runner\_work\pytorch\pytorch\torch\csrc\utils\tensor_numpy.cpp:219.)
  self.X = torch.as_tensor(X, dtype=torch.float32)
C:\Users\MMASSAOUDI\AppData\Roaming\Python\Python313\site-packages\sklearn\utils\validation.py:2691: UserWarning: X does not have valid feature names, but LGBMClassifier was fitted with feature names
  warnings.warn(
C:\Users\MMASSAOUDI\AppData\Roaming\Python\Python313\site-packages\sklearn\utils\validation.py:2691: UserWarning: X does not have valid feature names, but LGBMClassifier was fitted with feature names
  warnings.warn(
  ERROR: Unable to allocate 280. MiB for an array with shape (99904, 16, 46) and data type float32
=== analytic baseline CICIoT2023 seed=1 ===
  ERROR: Error tokenizing data. C error: out of memory
=== analytic baseline CICIoT2023 seed=2 ===
  ERROR: Error tokenizing data. C error: out of memory
=== analytic baseline CICIoT2023 seed=3 ===
  ERROR: Error tokenizing data. C error: out of memory
=== analytic baseline CICIoT2023 seed=4 ===
  ERROR: Unable to allocate 41.9 MiB for an array with shape (5491971,) and data type int64
=== analytic baseline CICIoT2023 seed=5 ===
  ERROR: Error tokenizing data. C error: out of memory
=== analytic baseline CICIoT2023 seed=6 ===
  ERROR: Error tokenizing data. C error: out of memory
=== analytic baseline CICIoT2023 seed=7 ===
  ERROR: Error tokenizing data. C error: out of memory
=== analytic baseline CICIoT2023 seed=8 ===
  ERROR: Error tokenizing data. C error: out of memory
=== analytic baseline CICIoT2023 seed=9 ===
  ERROR: Error tokenizing data. C error: out of memory
Saved results/csv/aegis_analytic_baseline.csv
