Resuming: 3 (dataset, seed) pairs already complete: [('ToN-IoT-Network', 0), ('ToN-IoT-Network', 1), ('UNSW-NB15', 0)]
=== analytic baseline UNSW-NB15 seed=0 (skip, already done) ===
=== analytic baseline UNSW-NB15 seed=1 ===
C:\Users\MMASSAOUDI\AppData\Roaming\Python\Python313\site-packages\sklearn\linear_model\_logistic.py:406: ConvergenceWarning: lbfgs failed to converge after 200 iteration(s) (status=1):
STOP: TOTAL NO. OF ITERATIONS REACHED LIMIT

Increase the number of iterations to improve the convergence (max_iter=200).
You might also want to scale the data as shown in:
    https://scikit-learn.org/stable/modules/preprocessing.html
Please also refer to the documentation for alternative solver options:
    https://scikit-learn.org/stable/modules/linear_model.html#logistic-regression
  n_iter_i = _check_optimize_result(
C:\Users\MMASSAOUDI\AppData\Roaming\Python\Python313\site-packages\sklearn\utils\validation.py:2691: UserWarning: X does not have valid feature names, but LGBMClassifier was fitted with feature names
  warnings.warn(
C:\Users\MMASSAOUDI\AppData\Roaming\Python\Python313\site-packages\sklearn\utils\validation.py:2691: UserWarning: X does not have valid feature names, but LGBMClassifier was fitted with feature names
  warnings.warn(
C:\Users\MMASSAOUDI\AppData\Roaming\Python\Python313\site-packages\sklearn\utils\validation.py:2691: UserWarning: X does not have valid feature names, but LGBMClassifier was fitted with feature names
  warnings.warn(
C:\Users\MMASSAOUDI\AppData\Roaming\Python\Python313\site-packages\sklearn\utils\validation.py:2691: UserWarning: X does not have valid feature names, but LGBMClassifier was fitted with feature names
  warnings.warn(
  test macro_f1=0.9604 isolation_rate=0.000 commit_rate=0.904
=== analytic baseline UNSW-NB15 seed=2 ===
C:\Users\MMASSAOUDI\AppData\Roaming\Python\Python313\site-packages\sklearn\linear_model\_logistic.py:406: ConvergenceWarning: lbfgs failed to converge after 200 iteration(s) (status=1):
STOP: TOTAL NO. OF ITERATIONS REACHED LIMIT

Increase the number of iterations to improve the convergence (max_iter=200).
You might also want to scale the data as shown in:
    https://scikit-learn.org/stable/modules/preprocessing.html
Please also refer to the documentation for alternative solver options:
    https://scikit-learn.org/stable/modules/linear_model.html#logistic-regression
  n_iter_i = _check_optimize_result(
C:\Users\MMASSAOUDI\AppData\Roaming\Python\Python313\site-packages\sklearn\utils\validation.py:2691: UserWarning: X does not have valid feature names, but LGBMClassifier was fitted with feature names
  warnings.warn(
C:\Users\MMASSAOUDI\AppData\Roaming\Python\Python313\site-packages\sklearn\utils\validation.py:2691: UserWarning: X does not have valid feature names, but LGBMClassifier was fitted with feature names
  warnings.warn(
C:\Users\MMASSAOUDI\AppData\Roaming\Python\Python313\site-packages\sklearn\utils\validation.py:2691: UserWarning: X does not have valid feature names, but LGBMClassifier was fitted with feature names
  warnings.warn(
C:\Users\MMASSAOUDI\AppData\Roaming\Python\Python313\site-packages\sklearn\utils\validation.py:2691: UserWarning: X does not have valid feature names, but LGBMClassifier was fitted with feature names
  warnings.warn(
  test macro_f1=0.9589 isolation_rate=0.000 commit_rate=0.906
=== analytic baseline UNSW-NB15 seed=3 ===
C:\Users\MMASSAOUDI\AppData\Roaming\Python\Python313\site-packages\sklearn\linear_model\_logistic.py:406: ConvergenceWarning: lbfgs failed to converge after 200 iteration(s) (status=1):
STOP: TOTAL NO. OF ITERATIONS REACHED LIMIT

Increase the number of iterations to improve the convergence (max_iter=200).
You might also want to scale the data as shown in:
    https://scikit-learn.org/stable/modules/preprocessing.html
Please also refer to the documentation for alternative solver options:
    https://scikit-learn.org/stable/modules/linear_model.html#logistic-regression
  n_iter_i = _check_optimize_result(
C:\Users\MMASSAOUDI\AppData\Roaming\Python\Python313\site-packages\sklearn\utils\validation.py:2691: UserWarning: X does not have valid feature names, but LGBMClassifier was fitted with feature names
  warnings.warn(
  ERROR: CatBoostError bad allocation
=== analytic baseline UNSW-NB15 seed=4 ===
  ERROR: MemoryError Unable to allocate 1.34 MiB for an array with shape (175341,) and data type int64
=== analytic baseline UNSW-NB15 seed=5 ===
C:\Users\MMASSAOUDI\AppData\Roaming\Python\Python313\site-packages\sklearn\linear_model\_logistic.py:406: ConvergenceWarning: lbfgs failed to converge after 200 iteration(s) (status=1):
STOP: TOTAL NO. OF ITERATIONS REACHED LIMIT

Increase the number of iterations to improve the convergence (max_iter=200).
You might also want to scale the data as shown in:
    https://scikit-learn.org/stable/modules/preprocessing.html
Please also refer to the documentation for alternative solver options:
    https://scikit-learn.org/stable/modules/linear_model.html#logistic-regression
  n_iter_i = _check_optimize_result(
  ERROR: CatBoostError bad allocation
=== analytic baseline UNSW-NB15 seed=6 ===
  ERROR: ParserError Error tokenizing data. C error: out of memory
=== analytic baseline UNSW-NB15 seed=7 ===
  ERROR: ParserError Error tokenizing data. C error: out of memory
=== analytic baseline UNSW-NB15 seed=8 ===
  ERROR: ParserError Error tokenizing data. C error: out of memory
=== analytic baseline UNSW-NB15 seed=9 ===
  ERROR: ParserError Error tokenizing data. C error: out of memory
=== analytic baseline ToN-IoT-Network seed=0 (skip, already done) ===
=== analytic baseline ToN-IoT-Network seed=1 (skip, already done) ===
=== analytic baseline ToN-IoT-Network seed=2 ===
  ERROR: ParserError Error tokenizing data. C error: out of memory
=== analytic baseline ToN-IoT-Network seed=3 ===
  ERROR: MemoryError Unable to allocate 19.1 MiB for an array with shape (25, 100000) and data type object
=== analytic baseline ToN-IoT-Network seed=4 ===
  ERROR: ParserError Error tokenizing data. C error: out of memory
=== analytic baseline ToN-IoT-Network seed=5 ===
  ERROR: ParserError Error tokenizing data. C error: out of memory
=== analytic baseline ToN-IoT-Network seed=6 ===
  ERROR: ParserError Error tokenizing data. C error: out of memory
=== analytic baseline ToN-IoT-Network seed=7 ===
  ERROR: MemoryError Unable to allocate 19.1 MiB for an array with shape (25, 100000) and data type object
=== analytic baseline ToN-IoT-Network seed=8 ===
  ERROR: ParserError Error tokenizing data. C error: out of memory
=== analytic baseline ToN-IoT-Network seed=9 ===
  ERROR: ParserError Error tokenizing data. C error: out of memory
=== analytic baseline CICIoT2023 seed=0 ===
  ERROR: ParserError Error tokenizing data. C error: out of memory
=== analytic baseline CICIoT2023 seed=1 ===
